[    0.000000] Initializing cgroup subsys cpuset
[    0.000000] Initializing cgroup subsys cpu
[    0.000000] Initializing cgroup subsys cpuacct
[    0.000000] Linux version 4.4.0-62-generic (buildd@lcy01-30) (gcc version 5.4.0 20160609 (Ubuntu 5.4.0-6ubuntu1~16.04.4) ) #83-Ubuntu SMP Wed Jan 18 14:10:15 UTC 2017 (Ubuntu 4.4.0-62.83-generic 4.4.40)
[    0.000000] Command line: BOOT_IMAGE=/boot/vmlinuz-4.4.0-62-generic root=LABEL=cloudimg-rootfs ro console=tty1 console=ttyS0
[    0.000000] KERNEL supported cpus:
[    0.000000]   Intel GenuineIntel
[    0.000000]   AMD AuthenticAMD
[    0.000000]   Centaur CentaurHauls
[    0.000000] x86/fpu: xstate_offset[2]:  576, xstate_sizes[2]:  256
[    0.000000] x86/fpu: Supporting XSAVE feature 0x01: 'x87 floating point registers'
[    0.000000] x86/fpu: Supporting XSAVE feature 0x02: 'SSE registers'
[    0.000000] x86/fpu: Supporting XSAVE feature 0x04: 'AVX registers'
[    0.000000] x86/fpu: Enabled xstate features 0x7, context size is 832 bytes, using 'standard' format.
[    0.000000] x86/fpu: Using 'lazy' FPU context switches.
[    0.000000] e820: BIOS-provided physical RAM map:
[    0.000000] BIOS-e820: [mem 0x0000000000000000-0x000000000009fbff] usable
[    0.000000] BIOS-e820: [mem 0x000000000009fc00-0x000000000009ffff] reserved
[    0.000000] BIOS-e820: [mem 0x00000000000f0000-0x00000000000fffff] reserved
[    0.000000] BIOS-e820: [mem 0x0000000000100000-0x000000003ffeffff] usable
[    0.000000] BIOS-e820: [mem 0x000000003fff0000-0x000000003fffffff] ACPI data
[    0.000000] BIOS-e820: [mem 0x00000000fec00000-0x00000000fec00fff] reserved
[    0.000000] BIOS-e820: [mem 0x00000000fee00000-0x00000000fee00fff] reserved
[    0.000000] BIOS-e820: [mem 0x00000000fffc0000-0x00000000ffffffff] reserved
[    0.000000] NX (Execute Disable) protection: active
[    0.000000] SMBIOS 2.5 present.
[    0.000000] Hypervisor detected: KVM
[    0.000000] e820: last_pfn = 0x3fff0 max_arch_pfn = 0x400000000
[    0.000000] MTRR: Disabled
[    0.000000] x86/PAT: MTRRs disabled, skipping PAT initialization too.
[    0.000000] x86/PAT: Configuration [0-7]: WB  WT  UC- UC  WB  WT  UC- UC  
[    0.000000] CPU MTRRs all blank - virtualized system.
[    0.000000] found SMP MP-table at [mem 0x0009fff0-0x0009ffff] mapped at [ffff88000009fff0]
[    0.000000] Scanning 1 areas for low memory corruption
[    0.000000] RAMDISK: [mem 0x36b5a000-0x375a4fff]
[    0.000000] ACPI: Early table checksum verification disabled
[    0.000000] ACPI: RSDP 0x00000000000E0000 000024 (v02 VBOX  )
[    0.000000] ACPI: XSDT 0x000000003FFF0030 00003C (v01 VBOX   VBOXXSDT 00000001 ASL  00000061)
[    0.000000] ACPI: FACP 0x000000003FFF00F0 0000F4 (v04 VBOX   VBOXFACP 00000001 ASL  00000061)
[    0.000000] ACPI: DSDT 0x000000003FFF0470 00210F (v01 VBOX   VBOXBIOS 00000002 INTL 20100528)
[    0.000000] ACPI: FACS 0x000000003FFF0200 000040
[    0.000000] ACPI: FACS 0x000000003FFF0200 000040
[    0.000000] ACPI: APIC 0x000000003FFF0240 00005C (v02 VBOX   VBOXAPIC 00000001 ASL  00000061)
[    0.000000] ACPI: SSDT 0x000000003FFF02A0 0001CC (v01 VBOX   VBOXCPUT 00000002 INTL 20100528)
[    0.000000] No NUMA configuration found
[    0.000000] Faking a node at [mem 0x0000000000000000-0x000000003ffeffff]
[    0.000000] NODE_DATA(0) allocated [mem 0x3ffeb000-0x3ffeffff]
[    0.000000] kvm-clock: Using msrs 4b564d01 and 4b564d00
[    0.000000] kvm-clock: cpu 0, msr 0:3ffe3001, primary cpu clock
[    0.000000] kvm-clock: using sched offset of 2926690892 cycles
[    0.000000] clocksource: kvm-clock: mask: 0xffffffffffffffff max_cycles: 0x1cd42e4dffb, max_idle_ns: 881590591483 ns
[    0.000000] Zone ranges:
[    0.000000]   DMA      [mem 0x0000000000001000-0x0000000000ffffff]
[    0.000000]   DMA32    [mem 0x0000000001000000-0x000000003ffeffff]
[    0.000000]   Normal   empty
[    0.000000]   Device   empty
[    0.000000] Movable zone start for each node
[    0.000000] Early memory node ranges
[    0.000000]   node   0: [mem 0x0000000000001000-0x000000000009efff]
[    0.000000]   node   0: [mem 0x0000000000100000-0x000000003ffeffff]
[    0.000000] Initmem setup node 0 [mem 0x0000000000001000-0x000000003ffeffff]
[    0.000000] ACPI: PM-Timer IO Port: 0x4008
[    0.000000] IOAPIC[0]: apic_id 2, version 32, address 0xfec00000, GSI 0-23
[    0.000000] ACPI: INT_SRC_OVR (bus 0 bus_irq 0 global_irq 2 dfl dfl)
[    0.000000] ACPI: INT_SRC_OVR (bus 0 bus_irq 9 global_irq 9 high level)
[    0.000000] Using ACPI (MADT) for SMP configuration information
[    0.000000] smpboot: Allowing 2 CPUs, 0 hotplug CPUs
[    0.000000] PM: Registered nosave memory: [mem 0x00000000-0x00000fff]
[    0.000000] PM: Registered nosave memory: [mem 0x0009f000-0x0009ffff]
[    0.000000] PM: Registered nosave memory: [mem 0x000a0000-0x000effff]
[    0.000000] PM: Registered nosave memory: [mem 0x000f0000-0x000fffff]
[    0.000000] e820: [mem 0x40000000-0xfebfffff] available for PCI devices
[    0.000000] Booting paravirtualized kernel on KVM
[    0.000000] clocksource: refined-jiffies: mask: 0xffffffff max_cycles: 0xffffffff, max_idle_ns: 7645519600211568 ns
[    0.000000] setup_percpu: NR_CPUS:512 nr_cpumask_bits:512 nr_cpu_ids:2 nr_node_ids:1
[    0.000000] PERCPU: Embedded 33 pages/cpu @ffff88003fc00000 s98264 r8192 d28712 u1048576
[    0.000000] PV qspinlock hash table entries: 256 (order: 0, 4096 bytes)
[    0.000000] Built 1 zonelists in Node order, mobility grouping on.  Total pages: 257913
[    0.000000] Policy zone: DMA32
[    0.000000] Kernel command line: BOOT_IMAGE=/boot/vmlinuz-4.4.0-62-generic root=LABEL=cloudimg-rootfs ro console=tty1 console=ttyS0
[    0.000000] PID hash table entries: 4096 (order: 3, 32768 bytes)
[    0.000000] Memory: 1002040K/1048120K available (8436K kernel code, 1291K rwdata, 3960K rodata, 1488K init, 1316K bss, 46080K reserved, 0K cma-reserved)
[    0.000000] SLUB: HWalign=64, Order=0-3, MinObjects=0, CPUs=2, Nodes=1
[    0.000000] Hierarchical RCU implementation.
[    0.000000] 	Build-time adjustment of leaf fanout to 64.
[    0.000000] 	RCU restricting CPUs from NR_CPUS=512 to nr_cpu_ids=2.
[    0.000000] RCU: Adjusting geometry for rcu_fanout_leaf=64, nr_cpu_ids=2
[    0.000000] NR_IRQS:33024 nr_irqs:440 16
[    0.000000] Console: colour VGA+ 80x25
[    0.000000] console [tty1] enabled
[    0.000000] console [ttyS0] enabled
[    0.000000] tsc: Detected 3392.146 MHz processor
[   10.108224] Calibrating delay loop (skipped) preset value.. 6784.29 BogoMIPS (lpj=13568584)
[   10.183825] pid_max: default: 32768 minimum: 301
[   10.235447] ACPI: Core revision 20150930
[   10.279634] ACPI: 2 ACPI AML tables successfully acquired and loaded
[   10.314906] Security Framework initialized
[   10.316444] Yama: becoming mindful.
[   10.318412] AppArmor: AppArmor initialized
[   10.319847] Dentry cache hash table entries: 131072 (order: 8, 1048576 bytes)
[   10.324586] Inode-cache hash table entries: 65536 (order: 7, 524288 bytes)
[   10.337767] Mount-cache hash table entries: 2048 (order: 2, 16384 bytes)
[   10.371643] Mountpoint-cache hash table entries: 2048 (order: 2, 16384 bytes)
[   10.381277] Initializing cgroup subsys io
[   10.399626] Initializing cgroup subsys memory
[   10.425122] Initializing cgroup subsys devices
[   10.450870] Initializing cgroup subsys freezer
[   10.497368] Initializing cgroup subsys net_cls
[   10.548617] Initializing cgroup subsys perf_event
[   10.610440] Initializing cgroup subsys net_prio
[   10.660856] Initializing cgroup subsys hugetlb
[   10.714681] Initializing cgroup subsys pids
[   10.792578] CPU: Physical Processor ID: 0
[   10.832905] CPU: Processor Core ID: 0
[   10.852505] mce: CPU supports 0 MCE banks
[   10.899767] Last level iTLB entries: 4KB 1024, 2MB 1024, 4MB 1024
[   10.969697] Last level dTLB entries: 4KB 1024, 2MB 1024, 4MB 1024, 1GB 4
[   11.014021] Freeing SMP alternatives memory: 32K (ffffffff820b8000 - ffffffff820c0000)
[   11.072448] ftrace: allocating 32065 entries in 126 pages
[   11.191234] smpboot: APIC(0) Converting physical 0 to logical package 0
[   11.200003] smpboot: Max logical packages: 1
[   11.210520] x2apic enabled
[   11.217320] Switched APIC routing to physical x2apic.
[   11.222391] ..TIMER: vector=0x30 apic1=0 pin1=2 apic2=-1 pin2=-1
[   11.339630] smpboot: CPU0: Intel(R) Core(TM) i5-4670 CPU @ 3.40GHz (family: 0x6, model: 0x3c, stepping: 0x3)
[   11.380798] Performance Events: unsupported p6 CPU model 60 no PMU driver, software events only.
[   11.384912] KVM setup paravirtual spinlock
[   11.387526] x86: Booting SMP configuration:
[   11.389850] .... node  #0, CPUs:      #1
[   11.396626] kvm-clock: cpu 1, msr 0:3ffe3041, secondary cpu clock
[   11.415282] mce: CPU supports 0 MCE banks
[   11.438335] x86: Booted up 1 node, 2 CPUs
[   11.444156] smpboot: Total of 2 processors activated (13568.58 BogoMIPS)
[   11.448602] devtmpfs: initialized
[   11.467882] evm: security.selinux
[   11.477249] evm: security.SMACK64
[   11.483179] evm: security.SMACK64EXEC
[   11.485937] evm: security.SMACK64TRANSMUTE
[   11.487816] evm: security.SMACK64MMAP
[   11.496626] evm: security.ima
[   11.500959] evm: security.capability
[   11.504474] clocksource: jiffies: mask: 0xffffffff max_cycles: 0xffffffff, max_idle_ns: 7645041785100000 ns
[   11.512630] pinctrl core: initialized pinctrl subsystem
[   11.518302] RTC time: 17:45:19, date: 02/12/17
[   11.525518] NET: Registered protocol family 16
[   11.540818] cpuidle: using governor ladder
[   11.555818] cpuidle: using governor menu
[   11.560340] PCCT header not found.
[   11.562716] ACPI: bus type PCI registered
[   11.564209] acpiphp: ACPI Hot Plug PCI Controller Driver version: 0.5
[   11.571139] PCI: Using configuration type 1 for base access
[   11.593911] ACPI: Added _OSI(Module Device)
[   11.603039] ACPI: Added _OSI(Processor Device)
[   11.613563] ACPI: Added _OSI(3.0 _SCP Extensions)
[   11.656545] ACPI: Added _OSI(Processor Aggregator Device)
[   11.699428] ACPI: Executed 1 blocks of module-level executable AML code
[   11.763492] ACPI: Interpreter enabled
[   11.792763] ACPI: (supports S0 S5)
[   11.825716] ACPI: Using IOAPIC for interrupt routing
[   11.872724] PCI: Using host bridge windows from ACPI; if necessary, use "pci=nocrs" and report a bug
[   11.972658] ACPI: PCI Root Bridge [PCI0] (domain 0000 [bus 00-ff])
[   12.073539] acpi PNP0A03:00: _OSC: OS supports [ASPM ClockPM Segments MSI]
[   12.136612] acpi PNP0A03:00: _OSC failed (AE_NOT_FOUND); disabling ASPM
[   12.149009] acpi PNP0A03:00: fail to add MMCONFIG information, can't access extended PCI configuration space under this bridge.
[   12.183066] PCI host bridge to bus 0000:00
[   12.245017] pci_bus 0000:00: root bus resource [io  0x0000-0x0cf7 window]
[   12.304904] pci_bus 0000:00: root bus resource [io  0x0d00-0xffff window]
[   12.317415] pci_bus 0000:00: root bus resource [mem 0x000a0000-0x000bffff window]
[   12.319521] pci_bus 0000:00: root bus resource [mem 0x40000000-0xffdfffff window]
[   12.332376] pci_bus 0000:00: root bus resource [bus 00-ff]
[   12.377740] pci 0000:00:01.1: legacy IDE quirk: reg 0x10: [io  0x01f0-0x01f7]
[   12.409530] pci 0000:00:01.1: legacy IDE quirk: reg 0x14: [io  0x03f6]
[   12.458776] pci 0000:00:01.1: legacy IDE quirk: reg 0x18: [io  0x0170-0x0177]
[   12.463950] pci 0000:00:01.1: legacy IDE quirk: reg 0x1c: [io  0x0376]
[   12.491224] pci 0000:00:07.0: quirk: [io  0x4000-0x403f] claimed by PIIX4 ACPI
[   12.496381] pci 0000:00:07.0: quirk: [io  0x4100-0x410f] claimed by PIIX4 SMB
[   12.523903] ACPI: PCI Interrupt Link [LNKA] (IRQs 5 9 10 *11)
[   12.573665] ACPI: PCI Interrupt Link [LNKB] (IRQs 5 9 10 *11)
[   12.590038] ACPI: PCI Interrupt Link [LNKC] (IRQs 5 9 *10 11)
[   12.595621] ACPI: PCI Interrupt Link [LNKD] (IRQs 5 *9 10 11)
[   12.609077] ACPI: Enabled 2 GPEs in block 00 to 07
[   12.611585] vgaarb: setting as boot device: PCI:0000:00:02.0
[   12.617071] vgaarb: device added: PCI:0000:00:02.0,decodes=io+mem,owns=io+mem,locks=none
[   12.618343] vgaarb: loaded
[   12.618837] vgaarb: bridge control possible 0000:00:02.0
[   12.619810] SCSI subsystem initialized
[   12.620493] ACPI: bus type USB registered
[   12.686457] usbcore: registered new interface driver usbfs
[   12.713668] usbcore: registered new interface driver hub
[   12.723604] usbcore: registered new device driver usb
[   12.748134] PCI: Using ACPI for IRQ routing
[   12.763400] NetLabel: Initializing
[   12.770088] NetLabel:  domain hash size = 128
[   12.823044] NetLabel:  protocols = UNLABELED CIPSOv4
[   12.940816] NetLabel:  unlabeled traffic allowed by default
[   13.032722] amd_nb: Cannot enumerate AMD northbridges
[   13.041610] clocksource: Switched to clocksource kvm-clock
[   13.076499] AppArmor: AppArmor Filesystem Enabled
[   13.185609] pnp: PnP ACPI init
[   13.243192] pnp: PnP ACPI: found 3 devices
[   13.368855] clocksource: acpi_pm: mask: 0xffffff max_cycles: 0xffffff, max_idle_ns: 2085701024 ns
[   13.620676] NET: Registered protocol family 2
[   13.724833] TCP established hash table entries: 8192 (order: 4, 65536 bytes)
[   13.863703] TCP bind hash table entries: 8192 (order: 5, 131072 bytes)
[   13.899464] TCP: Hash tables configured (established 8192 bind 8192)
[   13.927817] UDP hash table entries: 512 (order: 2, 16384 bytes)
[   14.064115] UDP-Lite hash table entries: 512 (order: 2, 16384 bytes)
[   14.213251] NET: Registered protocol family 1
[   14.321730] pci 0000:00:00.0: Limiting direct PCI/PCI transfers
[   14.473401] pci 0000:00:01.0: Activating ISA DMA hang workarounds
[   14.637581] Trying to unpack rootfs image as initramfs...
[   16.206029] Freeing initrd memory: 10540K (ffff880036b5a000 - ffff8800375a5000)
[   16.396184] RAPL PMU detected, API unit is 2^-32 Joules, 4 fixed counters 10737418240 ms ovfl timer
[   16.649858] hw unit of domain pp0-core 2^-0 Joules
[   16.775655] hw unit of domain package 2^-0 Joules
[   16.890100] hw unit of domain dram 2^-0 Joules
[   17.006318] hw unit of domain pp1-gpu 2^-0 Joules
[   17.123213] platform rtc_cmos: registered platform RTC device (no PNP device found)
[   17.178863] Scanning for low memory corruption every 60 seconds
[   17.352656] futex hash table entries: 512 (order: 3, 32768 bytes)
[   17.483887] audit: initializing netlink subsys (disabled)
[   17.507767] audit: type=2000 audit(1486921516.955:1): initialized
[   17.553313] Initialise system trusted keyring
[   17.578446] HugeTLB registered 2 MB page size, pre-allocated 0 pages
[   17.598513] zbud: loaded
[   17.606116] VFS: Disk quotas dquot_6.6.0
[   17.640857] VFS: Dquot-cache hash table entries: 512 (order 0, 4096 bytes)
[   17.672808] squashfs: version 4.0 (2009/01/31) Phillip Lougher
[   17.691255] fuse init (API version 7.23)
[   17.703012] Key type big_key registered
[   17.724109] Allocating IMA MOK and blacklist keyrings.
[   17.734115] Key type asymmetric registered
[   17.787630] Asymmetric key parser 'x509' registered
[   17.824900] Block layer SCSI generic (bsg) driver version 0.4 loaded (major 249)
[   17.909426] io scheduler noop registered
[   18.002617] io scheduler deadline registered (default)
[   18.190080] tsc: Refined TSC clocksource calibration: 3390.310 MHz
[   18.226505] clocksource: tsc: mask: 0xffffffffffffffff max_cycles: 0x30de8cdd9c0, max_idle_ns: 440795326555 ns
[   18.226560] io scheduler cfq registered
[   18.226643] pci_hotplug: PCI Hot Plug PCI Core version: 0.5
[   18.226648] pciehp: PCI Express Hot Plug Controller Driver version: 0.4
[   18.226809] ACPI: AC Adapter [AC] (on-line)
[   18.226857] input: Power Button as /devices/LNXSYSTM:00/LNXPWRBN:00/input/input0
[   18.226859] ACPI: Power Button [PWRF]
[   18.226913] input: Sleep Button as /devices/LNXSYSTM:00/LNXSLPBN:00/input/input1
[   18.226914] ACPI: Sleep Button [SLPF]
[   18.227039] GHES: HEST is not enabled!
[   18.363198] Serial: 8250/16550 driver, 32 ports, IRQ sharing enabled
[   18.533811] 00:02: ttyS0 at I/O 0x3f8 (irq = 4, base_baud = 115200) is a 16550A
[   18.693202] Linux agpgart interface v0.103
[   18.807606] brd: module loaded
[   18.808193] loop: module loaded
[   18.808596] scsi host0: ata_piix
[   18.808638] scsi host1: ata_piix
[   18.808661] ata1: PATA max UDMA/33 cmd 0x1f0 ctl 0x3f6 bmdma 0xd000 irq 14
[   18.808661] ata2: PATA max UDMA/33 cmd 0x170 ctl 0x376 bmdma 0xd008 irq 15
[   18.808722] libphy: Fixed MDIO Bus: probed
[   18.808724] tun: Universal TUN/TAP device driver, 1.6
[   18.808725] tun: (C) 1999-2004 Max Krasnyansky <maxk@qualcomm.com>
[   18.808965] PPP generic driver version 2.4.2
[   18.809009] ehci_hcd: USB 2.0 'Enhanced' Host Controller (EHCI) Driver
[   18.809012] ehci-pci: EHCI PCI platform driver
[   18.809026] ehci-platform: EHCI generic platform driver
[   18.809033] ohci_hcd: USB 1.1 'Open' Host Controller (OHCI) Driver
[   18.809036] ohci-pci: OHCI PCI platform driver
[   18.809042] ohci-platform: OHCI generic platform driver
[   18.809047] uhci_hcd: USB Universal Host Controller Interface driver
[   18.809092] i8042: PNP: PS/2 Controller [PNP0303:PS2K,PNP0f03:PS2M] at 0x60,0x64 irq 1,12
[   18.809473] serio: i8042 KBD port at 0x60,0x64 irq 1
[   18.809475] serio: i8042 AUX port at 0x60,0x64 irq 12
[   18.809548] mousedev: PS/2 mouse device common for all mice
[   18.809758] input: AT Translated Set 2 keyboard as /devices/platform/i8042/serio0/input/input2
[   18.810012] rtc_cmos rtc_cmos: rtc core: registered rtc_cmos as rtc0
[   18.810054] rtc_cmos rtc_cmos: alarms up to one day, 114 bytes nvram
[   18.810058] i2c /dev entries driver
[   18.810097] device-mapper: uevent: version 1.0.3
[   18.810134] device-mapper: ioctl: 4.34.0-ioctl (2015-10-28) initialised: dm-devel@redhat.com
[   18.810146] ledtrig-cpu: registered to indicate activity on CPUs
[   18.810327] NET: Registered protocol family 10
[   18.810583] NET: Registered protocol family 17
[   18.810591] Key type dns_resolver registered
[   18.810714] microcode: CPU0 sig=0x306c3, pf=0x40, revision=0x0
[   18.893585] microcode: CPU1 sig=0x306c3, pf=0x40, revision=0x0
[   18.893686] microcode: Microcode Update Driver: v2.01 <tigran@aivazian.fsnet.co.uk>, Peter Oruba
[   18.893792] registered taskstats version 1
[   18.893806] Loading compiled-in X.509 certificates
[   18.894290] Loaded X.509 cert 'Build time autogenerated kernel key: a630254739635d6fdc487c9f0afa5d9a0ff04f04'
[   18.894306] zswap: loaded using pool lzo/zbud
[   18.895639] Key type trusted registered
[   18.897294] Key type encrypted registered
[   18.897299] AppArmor: AppArmor sha1 policy hashing enabled
[   18.897301] ima: No TPM chip found, activating TPM-bypass!
[   18.897314] evm: HMAC attrs: 0x1
[   18.897532]   Magic number: 5:914:794
[   18.951949] rtc_cmos rtc_cmos: setting system clock to 2017-02-12 17:45:26 UTC (1486921526)
[   18.952074] BIOS EDD facility v0.16 2004-Jun-25, 0 devices found
[   18.952075] EDD information not available.
[   20.831684] Freeing unused kernel memory: 1488K (ffffffff81f44000 - ffffffff820b8000)
[   20.891279] Write protecting the kernel read-only data: 14336k
[   21.021735] Freeing unused kernel memory: 1792K (ffff880001840000 - ffff880001a00000)
[   21.174261] Freeing unused kernel memory: 136K (ffff880001dde000 - ffff880001e00000)
Loading, please wait...
[   21.319389] random: systemd-udevd: uninitialized urandom read (16 bytes read, 4 bits of entropy available)
starting version[   21.319830] random: udevadm: uninitialized urandom read (16 bytes read, 4 bits of entropy available)
 229
[   21.319861] random: udevadm: uninitialized urandom read (16 bytes read, 4 bits of entropy available)
[   21.319944] random: udevadm: uninitialized urandom read (16 bytes read, 4 bits of entropy available)
[   21.319973] random: udevadm: uninitialized urandom read (16 bytes read, 4 bits of entropy available)
[   21.320003] random: udevadm: uninitialized urandom read (16 bytes read, 4 bits of entropy available)
[   21.320031] random: udevadm: uninitialized urandom read (16 bytes read, 4 bits of entropy available)
[   21.320058] random: udevadm: uninitialized urandom read (16 bytes read, 4 bits of entropy available)
[   21.320085] random: udevadm: uninitialized urandom read (16 bytes read, 4 bits of entropy available)
[   21.320110] random: udevadm: uninitialized urandom read (16 bytes read, 4 bits of entropy available)
[   22.014227] e1000: Intel(R) PRO/1000 Network Driver - version 7.3.21-k8-NAPI
[   22.047955] e1000: Copyright (c) 1999-2006 Intel Corporation.
[   22.070959] Fusion MPT base driver 3.04.20
[   22.085634] Copyright (c) 1999-2008 LSI Corporation
[   22.104102] AVX version of gcm_enc/dec engaged.
[   22.119226] Fusion MPT SPI Host driver 3.04.20
[   22.146247] AES CTR mode by8 optimization enabled
[   22.290888] input: ImExPS/2 Generic Explorer Mouse as /devices/platform/i8042/serio1/input/input4
[   22.484817] e1000 0000:00:03.0 eth0: (PCI:33MHz:32-bit) 02:e4:5b:1a:6e:ce
[   22.704289] e1000 0000:00:03.0 eth0: Intel(R) PRO/1000 Network Connection
[   23.081345] e1000 0000:00:08.0 eth1: (PCI:33MHz:32-bit) 08:00:27:53:29:c6
[   23.180725] e1000 0000:00:08.0 eth1: Intel(R) PRO/1000 Network Connection
[   23.213683] e1000 0000:00:03.0 enp0s3: renamed from eth0
[   23.337827] mptbase: ioc0: Initiating bringup
[   23.430619] e1000 0000:00:08.0 enp0s8: renamed from eth1
[   23.599025] ioc0: LSI53C1030 A0: Capabilities={Initiator}
[   23.883578] scsi host2: ioc0: LSI53C1030 A0, FwRev=00000000h, Ports=1, MaxQ=256, IRQ=20
[   24.218373] scsi 2:0:0:0: Direct-Access     VBOX     HARDDISK         1.0  PQ: 0 ANSI: 5
[   24.313855] scsi target2:0:0: Beginning Domain Validation
[   24.369116] scsi target2:0:0: Domain Validation skipping write tests
[   24.428351] scsi target2:0:0: Ending Domain Validation
[   24.564351] scsi target2:0:0: asynchronous
[   24.664657] scsi 2:0:1:0: Direct-Access     VBOX     HARDDISK         1.0  PQ: 0 ANSI: 5
[   24.896067] scsi target2:0:1: Beginning Domain Validation
[   24.937449] scsi target2:0:1: Domain Validation skipping write tests
[   24.938371] scsi target2:0:1: Ending Domain Validation
[   24.939170] scsi target2:0:1: asynchronous
[   24.944067] sd 2:0:0:0: Attached scsi generic sg0 type 0
[   24.953895] sd 2:0:0:0: [sda] 20971520 512-byte logical blocks: (10.7 GB/10.0 GiB)
[   25.175514] floppy0: no floppy controllers found
[   25.296566] sd 2:0:0:0: [sda] Write Protect is off
[   25.467026] sd 2:0:1:0: Attached scsi generic sg1 type 0
[   25.617120] sd 2:0:1:0: [sdb] 20480 512-byte logical blocks: (10.5 MB/10.0 MiB)
[   25.841562] sd 2:0:0:0: [sda] Incomplete mode parameter data
[   25.965240] sd 2:0:0:0: [sda] Assuming drive cache: write through
[   26.059106] sd 2:0:1:0: [sdb] Write Protect is off
[   26.073384]  sda: sda1
[   26.074229] sd 2:0:0:0: [sda] Attached SCSI disk
[   26.551034] sd 2:0:1:0: [sdb] Incomplete mode parameter data
[   26.732882] sd 2:0:1:0: [sdb] Assuming drive cache: write through
[   26.924942] sd 2:0:1:0: [sdb] Attached SCSI disk
Begin: Loading e[   28.361221] md: linear personality registered for level -1
ssential drivers[   28.477802] md: multipath personality registered for level -4
 ... [   28.620498] md: raid0 personality registered for level 0
[   28.755376] md: raid1 personality registered for level 1
[   28.953838] raid6: sse2x1   gen() 11640 MB/s
[   29.129734] raid6: sse2x1   xor()  8839 MB/s
[   29.285716] raid6: sse2x2   gen() 13403 MB/s
[   29.457705] raid6: sse2x2   xor()  9870 MB/s
[   29.638163] raid6: sse2x4   gen() 15634 MB/s
[   29.721706] raid6: sse2x4   xor() 10270 MB/s
[   29.810538] raid6: using algorithm sse2x4 gen() 15634 MB/s
[   29.916229] raid6: .... xor() 10270 MB/s, rmw enabled
[   29.988834] raid6: using ssse3x2 recovery algorithm
[   30.063897] xor: automatically using best checksumming function:
[   30.270185]    avx       : 28141.000 MB/sec
[   30.360410] async_tx: api initialized (async)
[   30.441237] md: raid6 personality registered for level 6
[   30.573995] md: raid5 personality registered for level 5
[   30.707141] md: raid4 personality registered for level 4
[   30.855136] md: raid10 personality registered for level 10
done.
Begin: Running /scripts/init-premount ...[   31.019858] Btrfs loaded
 done.
Begin: Mounting root file system ... Begin: Running /scripts/local-top ... done.
Begin: Running /scripts/local-premount ... Scanning for Btrfs filesystems
done.
Warning: fsck not present, so sk[   31.291332] EXT4-fs (sda1): mounted filesystem with ordered data mode. Opts: (null)
ipping root file system
done.
Begin: Running /scripts/local-bottom ... done.
Begin: Running /scripts/init-bottom ... done.
[   31.577726] systemd[1]: systemd 229 running in system mode. (+PAM +AUDIT +SELINUX +IMA +APPARMOR +SMACK +SYSVINIT +UTMP +LIBCRYPTSETUP +GCRYPT +GNUTLS +ACL +XZ -LZ4 +SECCOMP +BLKID +ELFUTILS +KMOD -IDN)
[   32.063866] systemd[1]: Detected virtualization oracle.
[   32.114403] systemd[1]: Detected architecture x86-64.

Welcome to [1mUbuntu 16.04.2 LTS[0m!

[   32.218281] systemd[1]: Set hostname to <ubuntu>.
[   32.365427] systemd[1]: Initializing machine ID from random generator.
[   32.479595] systemd[1]: Installed transient /etc/machine-id file.
[   32.654346] systemd[1]: Listening on Syslog Socket.
[[0;32m  OK  [0m] Listening on Syslog Socket.
[   32.815475] systemd[1]: Reached target User and Group Name Lookups.
[[0;32m  OK  [0m] Reached target User and Group Name Lookups.
[   32.985727] systemd[1]: Listening on Device-mapper event daemon FIFOs.
[[0;32m  OK  [0m] Listening on Device-mapper event daemon FIFOs.
[   33.134172] systemd[1]: Set up automount Arbitrary Executable File Formats File System Automount Point.
[[0;32m  OK  [0m] Set up automount Arbitrary Executab...ats File System Automount Point.
[   33.350030] systemd[1]: Listening on /dev/initctl Compatibility Named Pipe.
[[0;32m  OK  [0m] Listening on /dev/initctl Compatibility Named Pipe.
[   33.470014] systemd[1]: Listening on udev Control Socket.
[[0;32m  OK  [0m] Listening on udev Control Socket.
[   33.626010] systemd[1]: Listening on LVM2 poll daemon socket.
[[0;32m  OK  [0m] Listening on LVM2 poll daemon socket.
[   33.729932] systemd[1]: Listening on udev Kernel Socket.
[[0;32m  OK  [0m] Listening on udev Kernel Socket.
[   33.774072] systemd[1]: Created slice User and Session Slice.
[[0;32m  OK  [0m] Created slice User and Session Slice.
[   33.910033] systemd[1]: Listening on LVM2 metadata daemon socket.
[[0;32m  OK  [0m] Listening on LVM2 metadata daemon socket.
[   34.070196] systemd[1]: Listening on Journal Socket.
[[0;32m  OK  [0m] Listening on Journal Socket.
[   34.173934] systemd[1]: Reached target Encrypted Volumes.
[[0;32m  OK  [0m] Reached target Encrypted Volumes.
[   34.366120] systemd[1]: Listening on Journal Audit Socket.
[[0;32m  OK  [0m] Listening on Journal Audit Socket.
[   34.618548] systemd[1]: Created slice System Slice.
[[0;32m  OK  [0m] Created slice System Slice.
[   34.749832] systemd[1]: Reached target Slices.
[[0;32m  OK  [0m] Reached target Slices.
[   34.845955] systemd[1]: Starting Create list of required static device nodes for the current kernel...
[   34.846293] random: nonblocking pool is initialized
         Starting Create list of required st... nodes for the current kernel...
[   35.238427] systemd[1]: Starting Monitoring of LVM2 mirrors, snapshots etc. using dmeventd or progress polling...
         Starting Monitoring of LVM2 mirrors... dmeventd or progress polling...
[   35.609965] systemd[1]: ttarting Nameserver information manager...
         Starting Nameserver information manager...
[   35.862069] systemd[1]: Created slice system-serial\x2dgetty.slice.
[[0;32m  OK  [0m] Created slice system-serial\x2dgetty.slice.
[   35.910234] systemd[1]: Mounting Huge Pages File System...
         Mounting Huge Pages File System...
[   36.125977] systemd[1]: Starting Uncomplicated firewall...
         Starting Uncomplicated firewall...
[   36.361871] systemd[1]: Starting Load Kernel Modules...
[   36.474475] Loading iSCSI transport class v2.0-870.
         Startin[   36.619069] iscsi: registered transport (tcp)
g Load Kernel Modules...
[   36.738002] systemd[1]: Starting Set console keymap...
         Starting Set console keymap...
[   36.965837] systemd[1]: Mounting Debug File System...
         Mounting Debug File System...
[   37.149809] systemd[1]: Starting Remount Root and Kernel File Systems...
[   37.234003] EXT4-fs (sda1): re-mounted. Opts: (null)
         Starting Remount Root and Kernel File Systems...
[   37.474606] iscsi: registered transport (iser)
[   37.546047] systemd[1]: Listening on Journal Socket (/dev/log).
[[0;32m  OK  [0m] Listening on Journal Socket (/dev/log).
[   37.726212] systemd[1]: Starting Journal Service...
         Starting Journal Service...
[   37.810452] systemd[1]: Started Forward Password Requests to Wall Directory Watch.
[[0;32m  OK  [0m] Started Forward Password Requests to Wall Directory Watch.
[   37.966060] systemd[1]: Reached target Swap.
[[0;32m  OK  [0m] Reached target Swap.
[   38.041832] systemd[1]: Mounting POSIX Message Queue File System...
         Mounting POSIX Message Queue File System...
[   38.162762] systemd[1]: Mounted POSIX Message Queue File System.
[[0;32m  OK  [0m] Mounted POSIX Message Queue File System.
[   38.330086] systemd[1]: Mounted Debug File System.
[[0;32m  OK  [0m] Mounted Debug File System.
[   38.533942] systemd[1]: Mounted Huge Pages File System.
[[0;32m  OK  [0m] Mounted Huge Pages File System.
[   38.575469] systemd[1]: Started Journal Service.
[[0;32m  OK  [0m] Started Journal Service.
[[0;32m  OK  [0m] Started Create list of required sta...ce nodes for the current kernel.
[[0;32m  OK  [0m] Started Uncomplicated firewall.
[[0;32m  OK  [0m] Started Load Kernel Modules.
[[0;32m  OK  [0m] Started Set console keymap.
[[0;32m  OK  [0m] Started Remount Root and Kernel File Systems.
[[0;32m  OK  [0m] Started Nameserver information manager.
[[0;32m  OK  [0m] Started LVM2 metadata daemon.
         Starting Initial cloud-init job (pre-networking)...
         Starting Load/Save Random Seed...
         Starting udev Coldplug all Devices...
         Mounting FUSE Control File System...
         Starting Apply Kernel Variables...
         Starting Create Static Device Nodes in /dev...
         Starting Flush Journal to Persistent Storage...
[[0;32m  OK  [0m] Mounted FUSE Control File System.
[[0;32m  OK  [0m] Started Load/Save Random Seed.
[[0;32m  OK  [0m] Started Apply Kernel Variables.
[[0;32m  OK  [0m] Started Create Static Device Nodes in /dev.
[[0;32m  OK  [0m] Started udev Coldplug all Devices.
[[0;32m  OK  [0m] Started Monitoring of LVM2 mirrors,...ng dmeventd or progress polling.
[[0;32m  OK  [0m] Started Flush Journal to Persistent Storage.
         Starting udev Kernel Device Manager...
[[0;32m  OK  [0m] Started udev Kernel Device Manager.
[[0;32m  OK  [0m] Started Dispatch Password Requests to Console Directory Watch.
[[0;32m  OK  [0m] Reached target Local File Systems (Pre).
[[0;32m  OK  [0m] Reached target Local File Systems.
         Starting Commit a transient machine-id on disk...
         Starting Set console font and keymap...
         Starting LSB: AppArmor initialization...
         Starting Tell Plymouth To Write Out Runtime Data...
         Starting Create Volatile Files and Directories...
[[0;32m  OK  [0m] Started Commit a transient machine-id on disk.
[[0;32m  OK  [0m] Started Tell Plymouth To Write Out Runtime Data.
[[0;32m  OK  [0m] Started Create Volatile Files and Directories.
[[0;32m  OK  [0m] Found device /dev/ttyS0.
[   27.686232] cloud-init[472]: Cloud-init v. 0.7.8 running 'init-local' at Sun, 12 Feb 2017 17:45:47 +0000. Up 27.23 seconds.
[[0;32m  OK  [0m] Started Initial cloud-init job (pre-networking).
[[0;32m  OK  [0m] Reached target Network (Pre).
         Starting Update UTMP about System Boot/Shutdown...
[[0;32m  OK  [0m] Reached target System Time Synchronized.
[[0;1;31mFAILED[0m] Failed to start Set console font and keymap.
See 'systemctl status console-setup.service' for details.
[[0;32m  OK  [0m] Started LSB: AppArmor initialization.
[[0;32m  OK  [0m] Found device 82540EM Gigabit Ethern...r (PRO/1000 MT Desktop Adapter).
[[0;32m  OK  [0m] Started Update UTMP about System Boot/Shutdown.
[[0;32m  OK  [0m] Listening on Load/Save RF Kill Switch Status /dev/rfkill Watch.
[[0;32m  OK  [0m] Started ifup for enp0s3.
         Starting Raise network interfaces...
[[0;32m  OK  [0m] Created slice system-getty.slice.
[[0;32m  OK  [0m] Started Raise network interfaces.
         Starting Initial cloud-init job (metadata service crawler)...
[[0;32m  OK  [0m] Reached target Network.
[   31.871065] cloud-init[1035]: Cloud-init v. 0.7.8 running 'init' at Sun, 12 Feb 2017 17:45:51 +0000. Up 30.95 seconds.
[   31.900398] cloud-init[1035]: ci-info: ++++++++++++++++++++++++++++++++++++++Net device info++++++++++++++++++++++++++++++++++++++
[   31.932360] [cloud-init[0;32m  OK  [0m[1035]: ] ci-info: +--------+-------+----------------------------+---------------+-------+-------------------+Started Initial cloud-init job (metadata service crawler).

[   31.932631] cloud-init[1035]: ci-info: | Device |   Up  |          Address           |      Mask     | Scope |     Hw-Address    |
[   32.052299] [cloud-init[0;32m  OK  [0m[1035]: ] ci-info: +--------+-------+----------------------------+---------------+-------+-------------------+Reached target Cloud-config availability.

[[0;32m  OK  [0m] Reached target Network is Online.
[   32.052735] cloud-init[1035]: ci-info: | enp0s8 | False |             .              |       .       |   .   | 08:00:27:53:29:c6 |
[   32.088668] cloud-init[1035]: ci-info: | enp0s3 |  True |         10.0.2.15          | 255.255.255.0 |   .   | 02:e4:5b:1a:6e:ce |
[   32.156372]          cloud-initStarting iSCSI initiator daemon (iscsid)...[1035]: 
ci-info: | enp0s3 |  True | fe80::e4:5bff:fe1a:6ece/64 |       .       |  link | 02:e4:5b:1a:6e:ce |
[   32.263343] [cloud-init[0;32m  OK  [0m[1035]: ] ci-info: |   lo   |  True |         127.0.0.1          |   255.0.0.0   |   .   |         .         |Reached target System Initialization.

[   32.263689] [[0;32m  OK  [0m] Started Timer to automatically refresh installed snaps.
[[0;32m  OK  [0m] Listening on UUID daemon activation socket.
[[0;32m  OK  [0m] Started Trigger resolvconf update for networkd DNS.
[[0;32m  OK  [0m] Listening on D-Bus System Message Bus Socket.
[[0;32m  OK  [0m] Started Daily apt activities.
cloud-init[1035]: ci-info: |   lo   |  True |          ::1/128           |       .       |  host |         .         |
[   32.427598]          Starting LXD - unix socket.
[[0;32m  OK  [0m] Started Daily Cleanup of Temporary Directories.
[[0;32m  OK  [0m] Reached target Timers.
         Starting Socket activation for snappy daemon.
cloud-init[1035]: ci-info: +--------+-------+----------------------------+---------------+-------+-------------------+
[   32.548309] [cloud-init[0;32m  OK  [0m[1035]: ] ci-info: +++++++++++++++++++++++++++Route IPv4 info++++++++++++++++++++++++++++Started ACPI Events Check.

[   32.594249] [[0;32m  OK  [0m] Reached target Paths.
[[0;32m  OK  [0m] Listening on ACPID Listen Socket.
cloud-init[1035]: ci-info: +-------+-------------+----------+---------------+-----------+-------+
[   32.604815] [cloud-init[0;32m  OK  [0m[1035]: ] ci-info: | Route | Destination | Gateway  |    Genmask    | Interface | Flags |Listening on LXD - unix socket.

[   32.684788] [cloud-init[0;32m  OK  [0m[1035]: ] ci-info: +-------+-------------+----------+---------------+-----------+-------+Listening on Socket activation for snappy daemon.

[[0;32m  OK  [0m] Started iSCSI initiator daemon (iscsid).
[   32.685146] cloud-init[1035]: ci-info: |   0   |   0.0.0.0   | 10.0.2.2 |    0.0.0.0    |   enp0s3  |   UG  |
[   32.843030]          cloud-initStarting Login to default iSCSI targets...[1035]: 
ci-info: |   1   |   10.0.2.0  | 0.0.0.0  | 255.255.255.0 |   enp0s3  |   U   |
[   32.924297] [cloud-init[0;32m  OK  [0m[1035]: ] ci-info: +-------+-------------+----------+---------------+-----------+-------+Reached target Sockets.

[[0;32m  OK  [0m] Reached target Basic System.
[   32.924864] cloud-init[1035]: Generating public/private rsa key pair.
[   33.097395]          cloud-initStarting LSB: MD monitoring daemon...[1035]: 
Your identification has been saved in /etc/ssh/ssh_host_rsa_key.
[   33.170086]          cloud-initStarting Pollinate to seed the pseudo random number generator...[1035]: 
Your public key has been saved in /etc/ssh/ssh_host_rsa_key.pub.
[   33.316320]          cloud-initStarting System Logging Service...[1035]: 
The key fingerprint is:
[   33.384331] [cloud-init[0;32m  OK  [0m[1035]: ] SHA256:jJ7PEtEJBeZpwDPABOGIKa3NOlA5IuqEU+gNfRNnZ6w root@ubuntu-xenialStarted D-Bus System Message Bus.

[   33.384713] cloud-init[1035]: The key's randomart image is:
[   33.489077] [[0;32m  OK  [0m] Started Snappy daemon.
cloud-init[1035]: +---[RSA 2048]----+
[[0;32m  OK  [0m] Started Regular background program processing daemon.
[   33.520300] cloud-init[1035]: |o=oo..o=oo       |
[   33.571717]          Starting LXD - container startup/shutdown...
cloud-init[1035]: |++o.++=.o.       |
[   33.586924]          cloud-initStarting Login Service...[1035]: 
|Oo*. =+o..       |
[   33.620247] [cloud-init[0;32m  OK  [0m[1035]: ] |*Bo...oEo        |Started Deferred execution scheduler.

[   33.620614] cloud-init[1035]: |*oo.  ..S        |
[   33.655199] cloud-init[1035]: |+o   ...         |
[   33.680393]          cloud-initStarting Auto import assertions from block devices...[1035]: 
|o.    o.         |
[   33.713078] [cloud-init[0;32m  OK  [0m[1035]: ] | .    .o         |Started FUSE filesystem for LXC.

[   33.713498] cloud-init[1035]: |       .o        |
         Starting /etc/rc.local Compatibility...
[   33.772625] cloud-init[1035]: +----[SHA256]-----+
[   33.807210]          cloud-initStarting LSB: Record successful boot for GRUB...[1035]: 
Generating public/private dsa key pair.
[   33.832394]          cloud-initStarting Accounts Service...[1035]: 
Your identification has been saved in /etc/ssh/ssh_host_dsa_key.
[   33.864948] [cloud-init[0;32m  OK  [0m[1035]: ] Your public key has been saved in /etc/ssh/ssh_host_dsa_key.pub.Started ACPI event daemon.

[   33.865312] cloud-init[1035]: The key fingerprint is:
[   33.908452]          Starting Apply the settings specified in cloud-config...
cloud-init[1035]: SHA256:2V7rA2vF1pvE5bc41qNNtSFz0xthMxaLQhhMK/u7kdI root@ubuntu-xenial
[   33.931694] cloud-init[1035]: The key's randomart image is:
[   33.960560] cloud-init[1035]: +---[DSA 1024]----+
[[0;32m  OK  [0m] Started System Logging Service.
[[0;32m  OK  [0m] Started Pollinate to seed the pseudo random number generator.
[[0;32m  OK  [0m] Started LXD - container startup/shutdown.
[[0;32m  OK  [0m] Started Auto import assertions from block devices.
[[0;32m  OK  [0m] Started /etc/rc.local Compatibility.
[   33.996588] cloud-init[1035]: |        ooo.   . |
[   34.240647] [cloud-init[0;32m  OK  [0m[1035]: ] |         oo   . o|Started LSB: MD monitoring daemon.

[   34.382007] cloud-init[1035]: |       . . . . B |
[[0;32m  OK  [0m] Started Login to default iSCSI targets.
[   34.382726] cloud-init[1035]: |        oo  . o *|
[   34.468390] cloud-init[1035]: |       .S ...= Bo|
[   34.514289] cloud-init[1035]: |        o.o.+.B X|
[   34.551385] cloud-init[1035]: |       . E.=..o*o|
[[0;32m  OK  [0m] Started LSB: Record successful boot for GRUB.
[   34.592519] cloud-init[1035]: |        . =..+=+ |
[   34.660622] cloud-init[1035]: |         +. ooo..|
[   34.692396] cloud-init[1035]: +----[SHA256]-----+
[   34.716269] cloud-init[1035]: Generating public/private ecdsa key pair.
[   34.725384] cloud-init[1035]: Your identification has been saved in /etc/ssh/ssh_host_ecdsa_key.
[   34.744654] cloud-init[1035]: Your public key has been saved in /etc/ssh/ssh_host_ecdsa_key.pub.
[[0;32m  OK  [0m] Started Login Service.
[   34.812719] cloud-init[1035]: The key fingerprint is:
         Starting Authenticate and Authorize Users to Run Privileged Tasks...
[[0;32m  OK  [0m] Reached target Remote File Systems (Pre).
[[0;32m  OK  [0m] Reached target Remote File Systems.
[   34.885495] cloud-init[1035]: SHA256:6jivcrJuF+gN5AbTi78wEClrLJK8jxEOhBHyELweysc root@ubuntu-xenial
[   34.976491] cloud-init[1035]: The key's randomart image is:
         Starting LSB: VirtualBox Linux Additions...
[   34.998830] cloud-init[1035]: +---[ECDSA 256]---+
         Starting LSB: daemon to balance interrupts for SMP systems...
[   35.068258] cloud-init[1035]: |Bo               |
         Starting LSB: automatic crash report generation...
[   35.148284] cloud-init[1035]: |o*               |
[   35.212589]          cloud-initStarting Permit User Sessions...[1035]: 
|=oo              |
[   35.260488]          cloud-initStarting LSB: Set the CPU Frequency Scaling governor to "ondemand"...[1035]: 
|B*o              |
[   35.369118]          cloud-initStarting OpenBSD Secure Shell server...[1035]: 
|@@oo    S        |
[   35.369431] cloud-init[1035]: |XoOE.  .         |
[   35.480596] [cloud-init[0;32m  OK  [0m[1035]: ] |oB.o ..          |Started OpenBSD Secure Shell server.

[   35.536330] [cloud-init[0;32m  OK  [0m[1035]: ] | oX =o           |Started Permit User Sessions.

[   35.536587] cloud-init[1035]: | ++Oo+o          |
[   35.652501] [cloud-init[0;32m  OK  [0m[1035]: ] +----[SHA256]-----+Started Authenticate and Authorize Users to Run Privileged Tasks.

[   35.652852] cloud-init[1035]: Generating public/private ed25519 key pair.
[   35.796823] [cloud-init[0;32m  OK  [0m[1035]: ] Your identification has been saved in /etc/ssh/ssh_host_ed25519_key.Started Accounts Service.

[   35.797110] cloud-init[1035]: Your public key has been saved in /etc/ssh/ssh_host_ed25519_key.pub.
[   35.932438] cloud-init[1035]: The key fingerprint is:
[   35.932702] cloud-init[1035]: SHA256:RHfw32WhWTjtMaHC4VcaXG1HX6iz0AOIc5llC/AeecM root@ubuntu-xenial
[[0;32m  OK  [0m] Started LSB: Set the CPU Frequency Scaling governor to "ondemand".
[   35.932818] cloud-init[1035]: The key's randomart image is:
[   36.140434] cloud-init[1035]: +--[ED25519 256]--+
[   36.140694] cloud-init[1035]: |      .oo==oo.+O=|
[[0;32m  OK  [0m] Started LSB: VirtualBox Linux Additions.
[[   36.140812] cloud-init[1035]: |      oo=*++.+X+B|
[   36.249053] cloud-init[1035]: |       o= E*.Bo.B|
[0;32m  OK  [0m] Started LSB: daemon to balance interrupts for SMP systems.
[   36.249117] cloud-init[1035]: |       o o..B. +.|
[   36.416785] cloud-init[1035]: |        S  . +. .|
[   36.417011] cloud-init[1035]: |            .    |
[[0;32m  OK  [0m] Started LSB: automatic crash report generation.
[   36.417127] cloud-init[1035]: |                 |
[   36.552259] cloud-init[1035]: |                 |
         Stopping OpenBSD Secure Shell server...
[[   36.552759] cloud-init[1035]: |                 |
[   36.620590] cloud-init[1035]: +----[SHA256]-----+
[0;32m  OK  [0m] Created slice User Slice of ubuntu.
[   36.624711] cloud-init[1242]: Generating locales (this might take a while)...
[   36.772936] cloud-init[1242]:   en_US.UTF-8... done
[   36.773118] cloud-init[1242]: Generation complete.
         Starting User Manager for UID 1000...
[[0;32m  OK  [0m] Started Session 1 of user ubuntu.
         Starting Hold until boot process finishes up...
         Starting Terminate Plymouth Boot Screen...
[[0;32m  OK  [0m] Started User Manager for UID 1000.
[[0;32m  OK  [0m] Stopped OpenBSD Secure Shell server.
[[0;32m  OK  [0m] Started Hold until boot process finishes up.
[[0;32m  OK  [0m] Started Terminate Plymouth Boot Screen.
         Starting Set console scheme...
[[0;32m  OK  [0m] Started Getty on tty1.
[[0;32m  OK  [0m] Started Serial Getty on ttyS0.
[[0;32m  OK  [0m] Reached target Login Prompts.
         Starting OpenBSD Secure Shell server...
[[0;32m  OK  [0m] Started OpenBSD Secure Shell server.
[[0;32m  OK  [0m] Started Set console scheme.
[[0;32m  OK  [0m] Reached target Multi-User System.
[[0;32m  OK  [0m] Reached target Graphical Interface.
         Starting Update UTMP about System Runlevel Changes...
[[0;32m  OK  [0m] Started Update UTMP about System Runlevel Changes.
[   37.806859] cloud-init[1242]: Cloud-init v. 0.7.8 running 'modules:config' at Sun, 12 Feb 2017 17:45:54 +0000. Up 34.17 seconds.
[[0;32m  OK  [0m] Started Apply the settings specified in cloud-config.
         Starting Execute cloud user/final scripts...
ci-info: no authorized ssh keys fingerprints found for user ubuntu.
<14>Feb 12 17:45:58 ec2: 
<14>Feb 12 17:45:58 ec2: #############################################################
<14>Feb 12 17:45:58 ec2: -----BEGIN SSH HOST KEY FINGERPRINTS-----
<14>Feb 12 17:45:58 ec2: 1024 SHA256:2V7rA2vF1pvE5bc41qNNtSFz0xthMxaLQhhMK/u7kdI root@ubuntu-xenial (DSA)
<14>Feb 12 17:45:58 ec2: 256 SHA256:6jivcrJuF+gN5AbTi78wEClrLJK8jxEOhBHyELweysc root@ubuntu-xenial (ECDSA)
<14>Feb 12 17:45:58 ec2: 256 SHA256:RHfw32WhWTjtMaHC4VcaXG1HX6iz0AOIc5llC/AeecM root@ubuntu-xenial (ED25519)
<14>Feb 12 17:45:58 ec2: 2048 SHA256:jJ7PEtEJBeZpwDPABOGIKa3NOlA5IuqEU+gNfRNnZ6w root@ubuntu-xenial (RSA)
<14>Feb 12 17:45:58 ec2: -----END SSH HOST KEY FINGERPRINTS-----
<14>Feb 12 17:45:58 ec2: #############################################################
-----BEGIN SSH HOST KEY KEYS-----
ecdsa-sha2-nistp256 AAAAE2VjZHNhLXNoYTItbmlzdHAyNTYAAAAIbmlzdHAyNTYAAABBBNxcytNM+M9zIXYyXiACTXNKXMIh/NOTZ0kBLmKSdKPKNrsov804i6zptB5jEDw3GWOhALgJvD7DSMjHs5l0mZk= root@ubuntu-xenial
ssh-ed25519 AAAAC3NzaC1lZDI1NTE5AAAAIF7ofplNmZQZrV0KzRHoxSEa1XYyq7Ftk5FFWJYwsrlO root@ubuntu-xenial
ssh-rsa AAAAB3NzaC1yc2EAAAADAQABAAABAQCvIun8GkYUoxkNTXHJDeMLBuSdJcRk0TsCQIehpvH0uDK0+svxhBzhRLaBrG7ax+LdrYabZfQA24uOjD7wGHDynaXtOhziwRQO0tSKgUG7P6XvVPCwvIIiHh3sYXmJApWjvXk2sVEwZI9KiYkgMR06FhXS64JzK/ZOiKf2GViKCZM9y544+ybjmWC+i072+YX3xwDI6wgJ/8HurFIEt+UsvXvCdVnc/MNCnpCVnAhWnR2xkHH2iIITD25FzhCEL2ZiobXe+Mfy3Zcn8mO53RhTgzYVX9WwkrNFV9l4s4NnsxrxYf0WO6UIIxauyhoOkPoaRLLIzcriICNA2XAw/jqx root@ubuntu-xenial
-----END SSH HOST KEY KEYS-----
[[0;32m  OK  [0m] Started Session 2 of user ubuntu.
[   39.085850] cloud-init[1460]: Cloud-init v. 0.7.8 running 'modules:final' at Sun, 12 Feb 2017 17:45:58 +0000. Up 38.18 seconds.
[   39.240906] cloud-init[1460]: ci-info: no authorized ssh keys fingerprints found for user ubuntu.
[   39.241214] cloud-init[1460]: Cloud-init v. 0.7.8 finished at Sun, 12 Feb 2017 17:45:59 +0000. Datasource DataSourceNoCloud [seed=/dev/sdb][dsmode=net].  Up 39.07 seconds
[[0;32m  OK  [0m] Started Execute cloud user/final scripts.
[[0;32m  OK  [0m] Reached target Cloud-init target.

Ubuntu 16.04.2 LTS ansible ttyS0

ansible login: 