[    0.000000] Initializing cgroup subsys cpuset
[    0.000000] Initializing cgroup subsys cpu
[    0.000000] Initializing cgroup subsys cpuacct
[    0.000000] Linux version 4.4.0-62-generic (buildd@lcy01-30) (gcc version 5.4.0 20160609 (Ubuntu 5.4.0-6ubuntu1~16.04.4) ) #83-Ubuntu SMP Wed Jan 18 14:10:15 UTC 2017 (Ubuntu 4.4.0-62.83-generic 4.4.40)
[    0.000000] Command line: BOOT_IMAGE=/boot/vmlinuz-4.4.0-62-generic root=LABEL=cloudimg-rootfs ro console=tty1 console=ttyS0
[    0.000000] KERNEL supported cpus:
[    0.000000]   Intel GenuineIntel
[    0.000000]   AMD AuthenticAMD
[    0.000000]   Centaur CentaurHauls
[    0.000000] x86/fpu: xstate_offset[2]:  576, xstate_sizes[2]:  256
[    0.000000] x86/fpu: Supporting XSAVE feature 0x01: 'x87 floating point registers'
[    0.000000] x86/fpu: Supporting XSAVE feature 0x02: 'SSE registers'
[    0.000000] x86/fpu: Supporting XSAVE feature 0x04: 'AVX registers'
[    0.000000] x86/fpu: Enabled xstate features 0x7, context size is 832 bytes, using 'standard' format.
[    0.000000] x86/fpu: Using 'lazy' FPU context switches.
[    0.000000] e820: BIOS-provided physical RAM map:
[    0.000000] BIOS-e820: [mem 0x0000000000000000-0x000000000009fbff] usable
[    0.000000] BIOS-e820: [mem 0x000000000009fc00-0x000000000009ffff] reserved
[    0.000000] BIOS-e820: [mem 0x00000000000f0000-0x00000000000fffff] reserved
[    0.000000] BIOS-e820: [mem 0x0000000000100000-0x000000003ffeffff] usable
[    0.000000] BIOS-e820: [mem 0x000000003fff0000-0x000000003fffffff] ACPI data
[    0.000000] BIOS-e820: [mem 0x00000000fec00000-0x00000000fec00fff] reserved
[    0.000000] BIOS-e820: [mem 0x00000000fee00000-0x00000000fee00fff] reserved
[    0.000000] BIOS-e820: [mem 0x00000000fffc0000-0x00000000ffffffff] reserved
[    0.000000] NX (Execute Disable) protection: active
[    0.000000] SMBIOS 2.5 present.
[    0.000000] Hypervisor detected: KVM
[    0.000000] e820: last_pfn = 0x3fff0 max_arch_pfn = 0x400000000
[    0.000000] MTRR: Disabled
[    0.000000] x86/PAT: MTRRs disabled, skipping PAT initialization too.
[    0.000000] x86/PAT: Configuration [0-7]: WB  WT  UC- UC  WB  WT  UC- UC  
[    0.000000] CPU MTRRs all blank - virtualized system.
[    0.000000] found SMP MP-table at [mem 0x0009fff0-0x0009ffff] mapped at [ffff88000009fff0]
[    0.000000] Scanning 1 areas for low memory corruption
[    0.000000] RAMDISK: [mem 0x36b5a000-0x375a4fff]
[    0.000000] ACPI: Early table checksum verification disabled
[    0.000000] ACPI: RSDP 0x00000000000E0000 000024 (v02 VBOX  )
[    0.000000] ACPI: XSDT 0x000000003FFF0030 00003C (v01 VBOX   VBOXXSDT 00000001 ASL  00000061)
[    0.000000] ACPI: FACP 0x000000003FFF00F0 0000F4 (v04 VBOX   VBOXFACP 00000001 ASL  00000061)
[    0.000000] ACPI: DSDT 0x000000003FFF0470 00210F (v01 VBOX   VBOXBIOS 00000002 INTL 20100528)
[    0.000000] ACPI: FACS 0x000000003FFF0200 000040
[    0.000000] ACPI: FACS 0x000000003FFF0200 000040
[    0.000000] ACPI: APIC 0x000000003FFF0240 00005C (v02 VBOX   VBOXAPIC 00000001 ASL  00000061)
[    0.000000] ACPI: SSDT 0x000000003FFF02A0 0001CC (v01 VBOX   VBOXCPUT 00000002 INTL 20100528)
[    0.000000] No NUMA configuration found
[    0.000000] Faking a node at [mem 0x0000000000000000-0x000000003ffeffff]
[    0.000000] NODE_DATA(0) allocated [mem 0x3ffeb000-0x3ffeffff]
[    0.000000] kvm-clock: Using msrs 4b564d01 and 4b564d00
[    0.000000] kvm-clock: cpu 0, msr 0:3ffe3001, primary cpu clock
[    0.000000] kvm-clock: using sched offset of 3004127352 cycles
[    0.000000] clocksource: kvm-clock: mask: 0xffffffffffffffff max_cycles: 0x1cd42e4dffb, max_idle_ns: 881590591483 ns
[    0.000000] Zone ranges:
[    0.000000]   DMA      [mem 0x0000000000001000-0x0000000000ffffff]
[    0.000000]   DMA32    [mem 0x0000000001000000-0x000000003ffeffff]
[    0.000000]   Normal   empty
[    0.000000]   Device   empty
[    0.000000] Movable zone start for each node
[    0.000000] Early memory node ranges
[    0.000000]   node   0: [mem 0x0000000000001000-0x000000000009efff]
[    0.000000]   node   0: [mem 0x0000000000100000-0x000000003ffeffff]
[    0.000000] Initmem setup node 0 [mem 0x0000000000001000-0x000000003ffeffff]
[    0.000000] ACPI: PM-Timer IO Port: 0x4008
[    0.000000] IOAPIC[0]: apic_id 2, version 32, address 0xfec00000, GSI 0-23
[    0.000000] ACPI: INT_SRC_OVR (bus 0 bus_irq 0 global_irq 2 dfl dfl)
[    0.000000] ACPI: INT_SRC_OVR (bus 0 bus_irq 9 global_irq 9 high level)
[    0.000000] Using ACPI (MADT) for SMP configuration information
[    0.000000] smpboot: Allowing 2 CPUs, 0 hotplug CPUs
[    0.000000] PM: Registered nosave memory: [mem 0x00000000-0x00000fff]
[    0.000000] PM: Registered nosave memory: [mem 0x0009f000-0x0009ffff]
[    0.000000] PM: Registered nosave memory: [mem 0x000a0000-0x000effff]
[    0.000000] PM: Registered nosave memory: [mem 0x000f0000-0x000fffff]
[    0.000000] e820: [mem 0x40000000-0xfebfffff] available for PCI devices
[    0.000000] Booting paravirtualized kernel on KVM
[    0.000000] clocksource: refined-jiffies: mask: 0xffffffff max_cycles: 0xffffffff, max_idle_ns: 7645519600211568 ns
[    0.000000] setup_percpu: NR_CPUS:512 nr_cpumask_bits:512 nr_cpu_ids:2 nr_node_ids:1
[    0.000000] PERCPU: Embedded 33 pages/cpu @ffff88003fc00000 s98264 r8192 d28712 u1048576
[    0.000000] PV qspinlock hash table entries: 256 (order: 0, 4096 bytes)
[    0.000000] Built 1 zonelists in Node order, mobility grouping on.  Total pages: 257913
[    0.000000] Policy zone: DMA32
[    0.000000] Kernel command line: BOOT_IMAGE=/boot/vmlinuz-4.4.0-62-generic root=LABEL=cloudimg-rootfs ro console=tty1 console=ttyS0
[    0.000000] PID hash table entries: 4096 (order: 3, 32768 bytes)
[    0.000000] Memory: 1002040K/1048120K available (8436K kernel code, 1291K rwdata, 3960K rodata, 1488K init, 1316K bss, 46080K reserved, 0K cma-reserved)
[    0.000000] SLUB: HWalign=64, Order=0-3, MinObjects=0, CPUs=2, Nodes=1
[    0.000000] Hierarchical RCU implementation.
[    0.000000] 	Build-time adjustment of leaf fanout to 64.
[    0.000000] 	RCU restricting CPUs from NR_CPUS=512 to nr_cpu_ids=2.
[    0.000000] RCU: Adjusting geometry for rcu_fanout_leaf=64, nr_cpu_ids=2
[    0.000000] NR_IRQS:33024 nr_irqs:440 16
[    0.000000] Console: colour VGA+ 80x25
[    0.000000] console [tty1] enabled
[    0.000000] console [ttyS0] enabled
[    0.000000] tsc: Detected 3392.146 MHz processor
[   10.513314] Calibrating delay loop (skipped) preset value.. 6784.29 BogoMIPS (lpj=13568584)
[   10.521488] pid_max: default: 32768 minimum: 301
[   10.527916] ACPI: Core revision 20150930
[   10.609747] ACPI: 2 ACPI AML tables successfully acquired and loaded
[   10.731877] Security Framework initialized
[   10.828560] Yama: becoming mindful.
[   10.907502] AppArmor: AppArmor initialized
[   11.007567] Dentry cache hash table entries: 131072 (order: 8, 1048576 bytes)
[   11.156953] Inode-cache hash table entries: 65536 (order: 7, 524288 bytes)
[   11.318103] Mount-cache hash table entries: 2048 (order: 2, 16384 bytes)
[   11.475938] Mountpoint-cache hash table entries: 2048 (order: 2, 16384 bytes)
[   11.605833] Initializing cgroup subsys io
[   11.671460] Initializing cgroup subsys memory
[   11.777096] Initializing cgroup subsys devices
[   11.860108] Initializing cgroup subsys freezer
[   11.939690] Initializing cgroup subsys net_cls
[   12.019165] Initializing cgroup subsys perf_event
[   12.105185] Initializing cgroup subsys net_prio
[   12.198245] Initializing cgroup subsys hugetlb
[   12.297256] Initializing cgroup subsys pids
[   12.368566] CPU: Physical Processor ID: 0
[   12.421724] CPU: Processor Core ID: 0
[   12.426811] mce: CPU supports 0 MCE banks
[   12.445693] Last level iTLB entries: 4KB 1024, 2MB 1024, 4MB 1024
[   12.455736] Last level dTLB entries: 4KB 1024, 2MB 1024, 4MB 1024, 1GB 4
[   12.462820] Freeing SMP alternatives memory: 32K (ffffffff820b8000 - ffffffff820c0000)
[   12.516784] ftrace: allocating 32065 entries in 126 pages
[   12.564328] smpboot: APIC(0) Converting physical 0 to logical package 0
[   12.671060] smpboot: Max logical packages: 1
[   12.686353] x2apic enabled
[   12.691577] Switched APIC routing to physical x2apic.
[   12.729566] ..TIMER: vector=0x30 apic1=0 pin1=2 apic2=-1 pin2=-1
[   12.992071] smpboot: CPU0: Intel(R) Core(TM) i5-4670 CPU @ 3.40GHz (family: 0x6, model: 0x3c, stepping: 0x3)
[   13.247635] Performance Events: unsupported p6 CPU model 60 no PMU driver, software events only.
[   13.462625] KVM setup paravirtual spinlock
[   13.507056] x86: Booting SMP configuration:
[   13.591741] .... node  #0, CPUs:      #1
[   13.677985] kvm-clock: cpu 1, msr 0:3ffe3041, secondary cpu clock
[   13.756136] mce: CPU supports 0 MCE banks
[   13.779005] x86: Booted up 1 node, 2 CPUs
[   13.787512] smpboot: Total of 2 processors activated (13568.58 BogoMIPS)
[   13.792239] devtmpfs: initialized
[   13.796517] evm: security.selinux
[   13.800954] evm: security.SMACK64
[   13.801515] evm: security.SMACK64EXEC
[   13.870278] evm: security.SMACK64TRANSMUTE
[   13.947779] evm: security.SMACK64MMAP
[   13.974853] evm: security.ima
[   13.975362] evm: security.capability
[   13.976200] clocksource: jiffies: mask: 0xffffffff max_cycles: 0xffffffff, max_idle_ns: 7645041785100000 ns
[   14.177844] pinctrl core: initialized pinctrl subsystem
[   14.253590] RTC time: 19:21:49, date: 02/12/17
[   14.363435] NET: Registered protocol family 16
[   14.461433] cpuidle: using governor ladder
[   14.524605] cpuidle: using governor menu
[   14.615769] PCCT header not found.
[   14.681673] ACPI: bus type PCI registered
[   14.772395] acpiphp: ACPI Hot Plug PCI Controller Driver version: 0.5
[   14.881892] PCI: Using configuration type 1 for base access
[   14.990463] ACPI: Added _OSI(Module Device)
[   15.078348] ACPI: Added _OSI(Processor Device)
[   15.175844] ACPI: Added _OSI(3.0 _SCP Extensions)
[   15.281005] ACPI: Added _OSI(Processor Aggregator Device)
[   15.394351] ACPI: Executed 1 blocks of module-level executable AML code
[   15.556531] ACPI: Interpreter enabled
[   15.644759] ACPI: (supports S0 S5)
[   15.721790] ACPI: Using IOAPIC for interrupt routing
[   15.839355] PCI: Using host bridge windows from ACPI; if necessary, use "pci=nocrs" and report a bug
[   16.003047] ACPI: PCI Root Bridge [PCI0] (domain 0000 [bus 00-ff])
[   16.169362] acpi PNP0A03:00: _OSC: OS supports [ASPM ClockPM Segments MSI]
[   16.338858] acpi PNP0A03:00: _OSC failed (AE_NOT_FOUND); disabling ASPM
[   16.474302] acpi PNP0A03:00: fail to add MMCONFIG information, can't access extended PCI configuration space under this bridge.
[   16.747737] PCI host bridge to bus 0000:00
[   16.842589] pci_bus 0000:00: root bus resource [io  0x0000-0x0cf7 window]
[   16.987079] pci_bus 0000:00: root bus resource [io  0x0d00-0xffff window]
[   17.040428] pci_bus 0000:00: root bus resource [mem 0x000a0000-0x000bffff window]
[   17.057015] pci_bus 0000:00: root bus resource [mem 0x40000000-0xffdfffff window]
[   17.107602] pci_bus 0000:00: root bus resource [bus 00-ff]
[   17.242606] pci 0000:00:01.1: legacy IDE quirk: reg 0x10: [io  0x01f0-0x01f7]
[   17.415726] pci 0000:00:01.1: legacy IDE quirk: reg 0x14: [io  0x03f6]
[   17.577917] pci 0000:00:01.1: legacy IDE quirk: reg 0x18: [io  0x0170-0x0177]
[   17.759920] pci 0000:00:01.1: legacy IDE quirk: reg 0x1c: [io  0x0376]
[   17.926693] pci 0000:00:07.0: quirk: [io  0x4000-0x403f] claimed by PIIX4 ACPI
[   18.096726] pci 0000:00:07.0: quirk: [io  0x4100-0x410f] claimed by PIIX4 SMB
[   18.134245] ACPI: PCI Interrupt Link [LNKA] (IRQs 5 9 10 *11)
[   18.151625] ACPI: PCI Interrupt Link [LNKB] (IRQs 5 9 10 *11)
[   18.166071] ACPI: PCI Interrupt Link [LNKC] (IRQs 5 9 *10 11)
[   18.173801] ACPI: PCI Interrupt Link [LNKD] (IRQs 5 *9 10 11)
[   18.176145] ACPI: Enabled 2 GPEs in block 00 to 07
[   18.282106] vgaarb: setting as boot device: PCI:0000:00:02.0
[   18.399550] vgaarb: device added: PCI:0000:00:02.0,decodes=io+mem,owns=io+mem,locks=none
[   18.602094] vgaarb: loaded
[   18.657660] vgaarb: bridge control possible 0000:00:02.0
[   18.790949] SCSI subsystem initialized
[   18.897010] ACPI: bus type USB registered
[   18.972417] usbcore: registered new interface driver usbfs
[   19.068650] usbcore: registered new interface driver hub
[   19.201988] usbcore: registered new device driver usb
[   19.266091] PCI: Using ACPI for IRQ routing
[   19.371252] NetLabel: Initializing
[   19.469396] NetLabel:  domain hash size = 128
[   19.593623] NetLabel:  protocols = UNLABELED CIPSOv4
[   19.729794] NetLabel:  unlabeled traffic allowed by default
[   19.839442] amd_nb: Cannot enumerate AMD northbridges
[   19.929866] clocksource: Switched to clocksource kvm-clock
[   20.066723] AppArmor: AppArmor Filesystem Enabled
[   20.169392] pnp: PnP ACPI init
[   20.240587] pnp: PnP ACPI: found 3 devices
[   20.315462] clocksource: acpi_pm: mask: 0xffffff max_cycles: 0xffffff, max_idle_ns: 2085701024 ns
[   20.376878] NET: Registered protocol family 2
[   20.476451] TCP established hash table entries: 8192 (order: 4, 65536 bytes)
[   20.675623] TCP bind hash table entries: 8192 (order: 5, 131072 bytes)
[   20.854580] TCP: Hash tables configured (established 8192 bind 8192)
[   21.039174] UDP hash table entries: 512 (order: 2, 16384 bytes)
[   21.189020] UDP-Lite hash table entries: 512 (order: 2, 16384 bytes)
[   21.377998] NET: Registered protocol family 1
[   21.501719] pci 0000:00:00.0: Limiting direct PCI/PCI transfers
[   21.674699] pci 0000:00:01.0: Activating ISA DMA hang workarounds
[   21.855387] Trying to unpack rootfs image as initramfs...
[   23.369514] Freeing initrd memory: 10540K (ffff880036b5a000 - ffff8800375a5000)
[   23.580232] RAPL PMU detected, API unit is 2^-32 Joules, 4 fixed counters 10737418240 ms ovfl timer
[   23.805530] hw unit of domain pp0-core 2^-0 Joules
[   23.951518] hw unit of domain package 2^-0 Joules
[   24.077461] hw unit of domain dram 2^-0 Joules
[   24.182987] hw unit of domain pp1-gpu 2^-0 Joules
[   24.313641] platform rtc_cmos: registered platform RTC device (no PNP device found)
[   24.532661] Scanning for low memory corruption every 60 seconds
[   24.634106] futex hash table entries: 512 (order: 3, 32768 bytes)
[   24.668650] audit: initializing netlink subsys (disabled)
[   24.671937] audit: type=2000 audit(1486927305.383:1): initialized
[   24.676738] Initialise system trusted keyring
[   24.682289] HugeTLB registered 2 MB page size, pre-allocated 0 pages
[   24.685967] zbud: loaded
[   24.690014] VFS: Disk quotas dquot_6.6.0
[   24.695324] VFS: Dquot-cache hash table entries: 512 (order 0, 4096 bytes)
[   24.702423] squashfs: version 4.0 (2009/01/31) Phillip Lougher
[   24.705116] fuse init (API version 7.23)
[   24.756947] Key type big_key registered
[   24.865401] Allocating IMA MOK and blacklist keyrings.
[   24.938680] Key type asymmetric registered
[   25.029661] Asymmetric key parser 'x509' registered
[   25.163781] Block layer SCSI generic (bsg) driver version 0.4 loaded (major 249)
[   55.315256] tsc: Refined TSC clocksource calibration: 3397.576 MHz
[   25.315258] clocksource: tsc: mask: 0xffffffffffffffff max_cycles: 0x30f95cbedf1, max_idle_ns: 440795303328 ns
[   25.764728] io scheduler noop registered
[   25.767824] io scheduler deadline registered (default)
[   25.773140] io scheduler cfq registered
[   25.777315] pci_hotplug: PCI Hot Plug PCI Core version: 0.5
[   25.783855] pciehp: PCI Express Hot Plug Controller Driver version: 0.4
[   25.786340] ACPI: AC Adapter [AC] (on-line)
[   25.787574] input: Power Button as /devices/LNXSYSTM:00/LNXPWRBN:00/input/input0
[   25.791357] ACPI: Power Button [PWRF]
[   25.797693] input: Sleep Button as /devices/LNXSYSTM:00/LNXSLPBN:00/input/input1
[   25.967659] ACPI: Sleep Button [SLPF]
[   26.072210] GHES: HEST is not enabled!
[   26.188021] Serial: 8250/16550 driver, 32 ports, IRQ sharing enabled
[   26.423468] 00:02: ttyS0 at I/O 0x3f8 (irq = 4, base_baud = 115200) is a 16550A
[   26.674675] Linux agpgart interface v0.103
[   26.841209] brd: module loaded
[   26.861962] loop: module loaded
[   26.927418] scsi host0: ata_piix
[   27.057947] scsi host1: ata_piix
[   27.192341] ata1: PATA max UDMA/33 cmd 0x1f0 ctl 0x3f6 bmdma 0xd000 irq 14
[   27.516918] ata2: PATA max UDMA/33 cmd 0x170 ctl 0x376 bmdma 0xd008 irq 15
[   27.630714] libphy: Fixed MDIO Bus: probed
[   27.693482] tun: Universal TUN/TAP device driver, 1.6
[   27.801254] tun: (C) 1999-2004 Max Krasnyansky <maxk@qualcomm.com>
[   27.953031] PPP generic driver version 2.4.2
[   27.977472] ehci_hcd: USB 2.0 'Enhanced' Host Controller (EHCI) Driver
[   28.207885] ehci-pci: EHCI PCI platform driver
[   28.401247] ehci-platform: EHCI generic platform driver
[   28.611761] ohci_hcd: USB 1.1 'Open' Host Controller (OHCI) Driver
[   28.831018] ohci-pci: OHCI PCI platform driver
[   28.957920] ohci-platform: OHCI generic platform driver
[   29.020722] uhci_hcd: USB Universal Host Controller Interface driver
[   29.024261] i8042: PNP: PS/2 Controller [PNP0303:PS2K,PNP0f03:PS2M] at 0x60,0x64 irq 1,12
[   29.029686] serio: i8042 KBD port at 0x60,0x64 irq 1
[   29.036023] serio: i8042 AUX port at 0x60,0x64 irq 12
[   29.041681] mousedev: PS/2 mouse device common for all mice
[   29.043377] input: AT Translated Set 2 keyboard as /devices/platform/i8042/serio0/input/input2
[   29.048545] rtc_cmos rtc_cmos: rtc core: registered rtc_cmos as rtc0
[   29.130625] rtc_cmos rtc_cmos: alarms up to one day, 114 bytes nvram
[   29.319413] i2c /dev entries driver
[   29.419970] device-mapper: uevent: version 1.0.3
[   29.525578] device-mapper: ioctl: 4.34.0-ioctl (2015-10-28) initialised: dm-devel@redhat.com
[   29.801430] ledtrig-cpu: registered to indicate activity on CPUs
[   30.007032] NET: Registered protocol family 10
[   30.112268] NET: Registered protocol family 17
[   30.122960] Key type dns_resolver registered
[   30.128411] microcode: CPU0 sig=0x306c3, pf=0x40, revision=0x0
[   30.156814] microcode: CPU1 sig=0x306c3, pf=0x40, revision=0x0
[   30.226169] microcode: Microcode Update Driver: v2.01 <tigran@aivazian.fsnet.co.uk>, Peter Oruba
[   30.598782] registered taskstats version 1
[   30.684423] Loading compiled-in X.509 certificates
[   30.813512] Loaded X.509 cert 'Build time autogenerated kernel key: a630254739635d6fdc487c9f0afa5d9a0ff04f04'
[   31.142426] zswap: loaded using pool lzo/zbud
[   31.211875] Key type trusted registered
[   31.221951] Key type encrypted registered
[   31.226002] AppArmor: AppArmor sha1 policy hashing enabled
[   31.229305] ima: No TPM chip found, activating TPM-bypass!
[   31.232652] evm: HMAC attrs: 0x1
[   31.235914]   Magic number: 5:714:394
[   31.237001] rtc_cmos rtc_cmos: setting system clock to 2017-02-12 19:22:06 UTC (1486927326)
[   31.246595] BIOS EDD facility v0.16 2004-Jun-25, 0 devices found
[   31.251230] EDD information not available.
[   31.252993] Freeing unused kernel memory: 1488K (ffffffff81f44000 - ffffffff820b8000)
[   31.514741] Write protecting the kernel read-only data: 14336k
[   31.689922] Freeing unused kernel memory: 1792K (ffff880001840000 - ffff880001a00000)
[   31.940026] Freeing unused kernel memory: 136K (ffff880001dde000 - ffff880001e00000)
Loading, please wait...
[   32.306390] random: systemd-udevd: uninitialized urandom read (16 bytes read, 5 bits of entropy available)
starting version[   32.306883] random: udevadm: uninitialized urandom read (16 bytes read, 5 bits of entropy available)
 229
[   32.306917] random: udevadm: uninitialized urandom read (16 bytes read, 5 bits of entropy available)
[   32.307000] random: udevadm: uninitialized urandom read (16 bytes read, 5 bits of entropy available)
[   32.307031] random: udevadm: uninitialized urandom read (16 bytes read, 5 bits of entropy available)
[   32.307061] random: udevadm: uninitialized urandom read (16 bytes read, 5 bits of entropy available)
[   32.307089] random: udevadm: uninitialized urandom read (16 bytes read, 5 bits of entropy available)
[   32.307137] random: udevadm: uninitialized urandom read (16 bytes read, 5 bits of entropy available)
[   32.307168] random: udevadm: uninitialized urandom read (16 bytes read, 5 bits of entropy available)
[   32.307274] random: udevadm: uninitialized urandom read (16 bytes read, 5 bits of entropy available)
[   34.505598] e1000: Intel(R) PRO/1000 Network Driver - version 7.3.21-k8-NAPI
[   34.522430] e1000: Copyright (c) 1999-2006 Intel Corporation.
[   34.527406] Fusion MPT base driver 3.04.20
[   34.622974] Copyright (c) 1999-2008 LSI Corporation
[   34.745544] Fusion MPT SPI Host driver 3.04.20
[   34.879133] AVX version of gcm_enc/dec engaged.
[   35.008371] AES CTR mode by8 optimization enabled
[   35.208336] input: ImExPS/2 Generic Explorer Mouse as /devices/platform/i8042/serio1/input/input4
[   35.418023] e1000 0000:00:03.0 eth0: (PCI:33MHz:32-bit) 02:e4:5b:1a:6e:ce
[   35.556226] e1000 0000:00:03.0 eth0: Intel(R) PRO/1000 Network Connection
[   35.925329] e1000 0000:00:08.0 eth1: (PCI:33MHz:32-bit) 08:00:27:94:cd:1c
[   36.207420] e1000 0000:00:08.0 eth1: Intel(R) PRO/1000 Network Connection
[   36.414477] mptbase: ioc0: Initiating bringup
[   36.414719] e1000 0000:00:08.0 enp0s8: renamed from eth1
[   36.670707] e1000 0000:00:03.0 enp0s3: renamed from eth0
[   36.727621] ioc0: LSI53C1030 A0: Capabilities={Initiator}
[   36.908825] scsi host2: ioc0: LSI53C1030 A0, FwRev=00000000h, Ports=1, MaxQ=256, IRQ=20
[   37.036796] scsi 2:0:0:0: Direct-Access     VBOX     HARDDISK         1.0  PQ: 0 ANSI: 5
[   37.036800] scsi target2:0:0: Beginning Domain Validation
[   37.038017] scsi target2:0:0: Domain Validation skipping write tests
[   37.038017] scsi target2:0:0: Ending Domain Validation
[   37.038045] scsi target2:0:0: asynchronous
[   37.038236] scsi 2:0:1:0: Direct-Access     VBOX     HARDDISK         1.0  PQ: 0 ANSI: 5
[   37.038239] scsi target2:0:1: Beginning Domain Validation
[   37.039701] scsi target2:0:1: Domain Validation skipping write tests
[   37.039702] scsi target2:0:1: Ending Domain Validation
[   37.039762] scsi target2:0:1: asynchronous
[   37.765907] floppy0: no floppy controllers found
[   37.765947] work still pending
[   38.320191] sd 2:0:0:0: Attached scsi generic sg0 type 0
[   38.320433] sd 2:0:0:0: [sda] 20971520 512-byte logical blocks: (10.7 GB/10.0 GiB)
[   38.320706] sd 2:0:0:0: [sda] Write Protect is off
[   38.320913] sd 2:0:0:0: [sda] Incomplete mode parameter data
[   38.320914] sd 2:0:0:0: [sda] Assuming drive cache: write through
[   38.527807]  sda: sda1
[   38.528824] sd 2:0:0:0: [sda] Attached SCSI disk
[   39.598855] sd 2:0:1:0: [sdb] 20480 512-byte logical blocks: (10.5 MB/10.0 MiB)
[   39.774634] sd 2:0:1:0: Attached scsi generic sg1 type 0
[   39.917993] sd 2:0:1:0: [sdb] Write Protect is off
[   39.954202] sd 2:0:1:0: [sdb] Incomplete mode parameter data
[   40.037760] sd 2:0:1:0: [sdb] Assuming drive cache: write through
[   40.299905] sd 2:0:1:0: [sdb] Attached SCSI disk
Begin: Loading e[   41.777523] md: linear personality registered for level -1
ssential drivers[   41.925749] md: multipath personality registered for level -4
 ... [   41.971363] md: raid0 personality registered for level 0
[   42.100378] md: raid1 personality registered for level 1
[   42.182743] raid6: sse2x1   gen() 10985 MB/s
[   42.390244] raid6: sse2x1   xor()  8979 MB/s
[   42.555926] raid6: sse2x2   gen() 14793 MB/s
[   42.713975] raid6: sse2x2   xor()  9801 MB/s
[   42.838285] raid6: sse2x4   gen() 14237 MB/s
[   42.930439] raid6: sse2x4   xor() 10152 MB/s
[   43.052314] raid6: using algorithm sse2x2 gen() 14793 MB/s
[   43.199683] raid6: .... xor() 9801 MB/s, rmw enabled
[   43.257010] raid6: using ssse3x2 recovery algorithm
[   43.474587] xor: automatically using best checksumming function:
[   43.674381]    avx       : 24804.000 MB/sec
[   43.784872] async_tx: api initialized (async)
[   43.965528] md: raid6 personality registered for level 6
[   44.160109] md: raid5 personality registered for level 5
[   44.294851] md: raid4 personality registered for level 4
[   44.328367] md: raid10 personality registered for level 10
done.
Begin: Running[   44.496679] Btrfs loaded
 /scripts/init-premount ... done.
Begin: Mounting root file system ... Begin: R[   44.648468] EXT4-fs (sda1): mounted filesystem with ordered data mode. Opts: (null)
unning /scripts/local-top ... done.
Begin: Running /scripts/local-premount ... Scanning for Btrfs filesystems
done.
Warning: fsck not present, so skipping root file system
done.
Begin: Running /scripts/local-bottom ... done.
Begin: Running /scripts/init-bottom ... done.
[   45.032349] systemd[1]: systemd 229 running in system mode. (+PAM +AUDIT +SELINUX +IMA +APPARMOR +SMACK +SYSVINIT +UTMP +LIBCRYPTSETUP +GCRYPT +GNUTLS +ACL +XZ -LZ4 +SECCOMP +BLKID +ELFUTILS +KMOD -IDN)
[   45.454686] systemd[1]: Detected virtualization oracle.
[   45.684426] systemd[1]: Detected architecture x86-64.

Welcome to [1mUbuntu 16.04.2 LTS[0m!

[   45.910432] systemd[1]: Set hostname to <ubuntu>.
[   46.018997] systemd[1]: Initializing machine ID from random generator.
[   46.176760] systemd[1]: Installed transient /etc/machine-id file.
[   46.419855] systemd[1]: Reached target Swap.
[[0;32m  OK  [0m] Reached target Swap.
[   46.470043] systemd[1]: Listening on udev Kernel Socket.
[[0;32m  OK  [0m] Listening on udev Kernel Socket.
[   46.489488] systemd[1]: Set up automount Arbitrary Executable File Formats File System Automount Point.
[[0;32m  OK  [0m] Set up automount Arbitrary Executab...ats File System Automount Point.
[   46.499842] systemd[1]: Listening on Syslog Socket.
[[0;32m  OK  [0m] Listening on Syslog Socket.
[   46.611106] systemd[1]: Listening on udev Control Socket.
[[0;32m  OK  [0m] Listening on udev Control Socket.
[   46.814134] systemd[1]: Reached target Encrypted Volumes.
[[0;32m  OK  [0m] Reached target Encrypted Volumes.
[   47.054405] systemd[1]: Listening on Device-mapper event daemon FIFOs.
[[0;32m  OK  [0m] Listening on Device-mapper event daemon FIFOs.
[   47.398136] systemd[1]: Listening on Journal Audit Socket.
[[0;32m  OK  [0m] Listening on Journal Audit Socket.
[   47.565084] systemd[1]: Reached target User and Group Name Lookups.
[[0;32m  OK  [0m] Reached target User and Group Name Lookups.
[   47.628160] systemd[1]: Started Forward Password Requests to Wall Directory Watch.
[[0;32m  OK  [0m] Started Forward Password Requests to Wall Directory Watch.
[   47.918212] systemd[1]: Listening on LVM2 poll daemon socket.
[[0;32m  OK  [0m] Listening on LVM2 poll daemon socket.
[   48.058202] systemd[1]: Listening on Journal Socket.
[[0;32m  OK  [0m] Listening on Journal Socket.
[   48.166399] systemd[1]: Created slice System Slice.
[[0;32m  OK  [0m] Created slice System Slice.
[   48.302038] systemd[1]: Mounting Huge Pages File System...
         Mounting Huge Pages File System...
[   48.506157] systemd[1]: Starting Set console keymap...
[   48.506406] random: nonblocking pool is initialized
         Starting Set console keymap...
[   48.742312] systemd[1]: Mounting Debug File System...
         Mounting Debug File System...
[   48.894524] systemd[1]: Starting Remount Root and Kernel File Systems...
[   48.897261] EXT4-fs (sda1): re-mounted. Opts: (null)
         Starting Remount Root and Kernel File Systems...
[   49.234560] systemd[1]: Starting Load Kernel Modules...
[   49.349598] Loading iSCSI transport class v2.0-870.
         Startin[   49.469482] iscsi: registered transport (tcp)
g Load Kernel Mo[   49.597001] iscsi: registered transport (iser)
dules...
[   49.730150] systemd[1]: Starting Nameserver information manager...
         Starting Nameserver information manager...
[   49.818558] systemd[1]: Listening on /dev/initctl Compatibility Named Pipe.
[[0;32m  OK  [0m] Listening on /dev/initctl Compatibility Named Pipe.
[   50.070862] systemd[1]: Created slice system-serial\x2dgetty.slice.
[[0;32m  OK  [0m] Created slice system-serial\x2dgetty.slice.
[   50.367142] systemd[1]: Listening on LVM2 metadata daemon socket.
[[0;32m  OK  [0m] Listening on LVM2 metadata daemon socket.
[   50.670295] systemd[1]: Starting Monitoring of LVM2 mirrors, snapshots etc. using dmeventd or progress polling...
         Starting Monitoring of LVM2 mirrors... dmeventd or progress polling...
[   50.870524] systemd[1]: Saarting Uncomplicated firewall...
         Starting Uncomplicated firewall...
[   51.038449] systemd[1]: Created slice User and Session Slice.
[[0;32m  OK  [0m] Created slice User and Session Slice.
[   51.137800] systemd[1]: Reached target Slices.
[[0;32m  OK  [0m] Reached target Slices.
[   51.182502] systemd[1]: Listening on Journal Socket (/dev/log).
[[0;32m  OK  [0m] Listening on Journal Socket (/dev/log).
[   51.298123] systemd[1]: Starting Journal Service...
         Starting Journal Service...
[   51.482325] systemd[1]: Starting Create list of required static device nodes for the current kernel...
         Starting Create list of required st... nodes for the current kernel...
[   51.890284] systemd[1]: Mounting POSIX Message Queue File System...
         Mounting POSIX Message Queue File System...
[   51.963635] systemd[1]: Mounted POSIX Message Queue File System.
[[0;32m  OK  [0m] Mounted POSIX Message Queue File System.
[   52.002549] systemd[1]: Mounted Debug File System.
[[0;32m  OK  [0m] Mounted Debug File System.
[   52.242687] systemd[1]: Mounted Huge Pages File System.
[[0;32m  OK  [0m] Mounted Huge Pages File System.
[   52.494523] systemd[1]: Started Journal Service.
[[0;32m  OK  [0m] Started Journal Service.
[[0;32m  OK  [0m] Started Set console keymap.
[[0;32m  OK  [0m] Started Remount Root and Kernel File Systems.
[[0;32m  OK  [0m] Started Load Kernel Modules.
[[0;32m  OK  [0m] Started Uncomplicated firewall.
[[0;32m  OK  [0m] Started Create list of required sta...ce nodes for the current kernel.
[[0;32m  OK  [0m] Started Nameserver information manager.
[[0;32m  OK  [0m] Started LVM2 metadata daemon.
         Starting Create Static Device Nodes in /dev...
         Starting Apply Kernel Variables...
         Mounting FUSE Control File System...
         Starting Initial cloud-init job (pre-networking)...
         Starting udev Coldplug all Devices...
         Starting Load/Save Random Seed...
         Starting Flush Journal to Persistent Storage...
[[0;32m  OK  [0m] Mounted FUSE Control File System.
[[0;32m  OK  [0m] Started Monitoring of LVM2 mirrors,...ng dmeventd or progress polling.
[[0;32m  OK  [0m] Started Create Static Device Nodes in /dev.
[[0;32m  OK  [0m] Started Apply Kernel Variables.
[[0;32m  OK  [0m] Started Load/Save Random Seed.
[[0;32m  OK  [0m] Started udev Coldplug all Devices.
[[0;32m  OK  [0m] Started Flush Journal to Persistent Storage.
         Starting udev Kernel Device Manager...
[[0;32m  OK  [0m] Started udev Kernel Device Manager.
[[0;32m  OK  [0m] Started Dispatch Password Requests to Console Directory Watch.
[[0;32m  OK  [0m] Reached target Local File Systems (Pre).
[[0;32m  OK  [0m] Reached target Local File Systems.
         Starting Set console font and keymap...
         Starting Commit a transient machine-id on disk...
         Starting LSB: AppArmor initialization...
         Starting Tell Plymouth To Write Out Runtime Data...
         Starting Create Volatile Files and Directories...
[[0;32m  OK  [0m] Started Commit a transient machine-id on disk.
[[0;32m  OK  [0m] Started Tell Plymouth To Write Out Runtime Data.
[[0;32m  OK  [0m] Started Create Volatile Files and Directories.
[[0;32m  OK  [0m] Found device /dev/ttyS0.
         Starting Update UTMP about System Boot/Shutdown...
[[0;32m  OK  [0m] Reached target System Time Synchronized.
[[0;32m  OK  [0m] Started Update UTMP about System Boot/Shutdown.
[[0;32m  OK  [0m] Listening on Load/Save RF Kill Switch Status /dev/rfkill Watch.
[   35.328909] cloud-init[476]: Cloud-init v. 0.7.8 running 'init-local' at Sun, 12 Feb 2017 19:22:29 +0000. Up 34.77 seconds.
[[0;32m  OK  [0m] Started Initial cloud-init job (pre-networking).
[[0;1;31mFAILED[0m] Failed to start Set console font and keymap.
See 'systemctl status console-setup.service' for details.
[[0;32m  OK  [0m] Started LSB: AppArmor initialization.
[[0;32m  OK  [0m] Created slice system-getty.slice.
[[0;32m  OK  [0m] Reached target Network (Pre).
         Starting Raise network interfaces...
[[0;32m  OK  [0m] Started Raise network interfaces.
[[0;32m  OK  [0m] Reached target Network.
         Starting Initial cloud-init job (metadata service crawler)...
[   38.717949] cloud-init[1017]: Cloud-init v. 0.7.8 running 'init' at Sun, 12 Feb 2017 19:22:32 +0000. Up 38.00 seconds.
[[0;32m  OK  [0m] Started Initial cloud-init job (metadata service crawler).
[[   38.782522] cloud-init[1017]: ci-info: ++++++++++++++++++++++++++++++++++++++Net device info++++++++++++++++++++++++++++++++++++++
[   38.825481] cloud-init[1017]: ci-info: +--------+-------+----------------------------+---------------+-------+-------------------+
[0;32m  OK  [0m] Reached target Network is Online.
[   38.825557] cloud-init[1017]: ci-info: | Device |   Up  |          Address           |      Mask     | Scope |     Hw-Address    |
[   39.068547] cloud-init[1017]: ci-info: +--------+-------+----------------------------+---------------+-------+-------------------+
[   39.068777] cloud-init[1017]: ci-info: | enp0s8 | False |             .              |       .       |   .   | 08:00:27:94:cd:1c |
         Starting iSCSI initiator daemon (iscsid)...
[[   39.068877] cloud-init[1017]: ci-info: |   lo   |  True |         127.0.0.1          |   255.0.0.0   |   .   |         .         |
[   39.274041] cloud-init[1017]: ci-info: |   lo   |  True |          ::1/128           |       .       |  host |         .         |[0;32m  OK  [0m
] Reached target Cloud-config availability.
[[   39.274118] cloud-init[1017]: ci-info: | enp0s3 |  True |         10.0.2.15          | 255.255.255.0 |   .   | 02:e4:5b:1a:6e:ce |
[   39.306947] cloud-init[1017]: ci-info: | enp0s3 |  True | fe80::e4:5bff:fe1a:6ece/64 |       .       |  link | 02:e4:5b:1a:6e:ce |
[   39.307024] cloud-init[1017]: ci-info: +--------+-------+----------------------------+---------------+-------+-------------------+
[   39.307128] cloud-init[1017]: ci-info: +++++++++++++++++++++++++++Route IPv4 info++++++++++++++++++++++++++++
[   39.307238] cloud-init[1017]: ci-info: +-------+-------------+----------+---------------+-----------+-------+
[   39.307352] cloud-init[1017]: ci-info: | Route | Destination | Gateway  |    Genmask    | Interface | Flags |
[   39.307456] cloud-init[1017]: ci-info: +-------+-------------+----------+---------------+-----------+-------+
[   39.307562] cloud-init[1017]: ci-info: |   0   |   0.0.0.0   | 10.0.2.2 |    0.0.0.0    |   enp0s3  |   UG  |
[   39.307673] cloud-init[1017]: ci-info: |   1   |   10.0.2.0  | 0.0.0.0  | 255.255.255.0 |   enp0s3  |   U   |
[   39.307782] cloud-init[1017]: ci-info: +-------+-------------+----------+---------------+-----------+-------+
[   39.308166] cloud-init[1017]: Generating public/private rsa key pair.
[   39.308247] cloud-init[1017]: Your identification has been saved in /etc/ssh/ssh_host_rsa_key.
[   39.308350] cloud-init[1017]: Your public key has been saved in /etc/ssh/ssh_host_rsa_key.pub.
[   39.308458] cloud-init[1017]: The key fingerprint is:
[   39.308566] cloud-init[1017]: SHA256:l+0wHSBvt5OvcaAxCOJyj2p8Ogazh1iqfN1i3MjU9n4 root@ubuntu-xenial
[   39.308677] cloud-init[1017]: The key's randomart image is:
[   39.308782] cloud-init[1017]: +---[RSA 2048]----+
[   39.308891] cloud-init[1017]: |        . .      |
[   39.308999] cloud-init[1017]: |         o .     |
[   39.309107] cloud-init[1017]: |    . .   o o    |
[   39.309257] cloud-init[1017]: |   . . . o = +   |
[0;32m  OK  [0m] Reached target System Initialization.
[[   39.309279] cloud-init[1017]: |  . o . S B B    |
[   39.997083] cloud-init[1017]: |o .o + o . B +   |
[0;32m  OK  [0m] Listening on ACPID Listen Socket.
[[   39.997138] cloud-init[1017]: |.O  * * . . o o  |
[   40.088855] cloud-init[1017]: |* *o.B o . E +   |
[0;32m  OK  [0m] Started Trigger resolvconf update for networkd DNS.
[   40.088899] cloud-init[1017]: |o=++. . ... .    |
[   40.196301] cloud-init[1017]: +----[SHA256]-----+
[   40.196544] cloud-init[1017]: Generating public/private dsa key pair.
[[0;32m  OK  [0m] Started ACPI Events Check.
[   40.196639] cloud-init[1017]: Your identification has been saved in /etc/ssh/ssh_host_dsa_key.
[[0;32m  OK  [0m] Reached target Paths.
[   40.304605] cloud-init[1017]: Your public key has been saved in /etc/ssh/ssh_host_dsa_key.pub.
[   40.432441] cloud-init[1017]: The key fingerprint is:
[   40.432705] cloud-init[1017]: SHA256:Q1r32MqbH7XLqLUxDL1Au5dLu52Os7YKs856Z9HWe8o root@ubuntu-xenial
         Starting LXD - unix socket.
[[   40.432809] cloud-init[1017]: The key's randomart image is:
[   40.533027] cloud-init[1017]: +---[DSA 1024]----+
[0;32m  OK  [0m] Started Timer to automatically refresh installed snaps.
[[   40.533106] cloud-init[1017]: |                 |
[   40.616772] cloud-init[1017]: |                 |
[0;32m  OK  [0m] Listening on UUID daemon activation socket.
[[   40.616839] cloud-init[1017]: |        o o      |
[   40.672746] cloud-init[1017]: |       + o *     |
[   40.672818] cloud-init[1017]: |      . S =.+..  |
[   40.672931] cloud-init[1017]: |         o.*o+.. |
[   40.673182] cloud-init[1017]: |        o +o@ .. |
[   40.673274] cloud-init[1017]: |       ..+o*o&.o.|
[   40.673381] cloud-init[1017]: |      .++o==@*Eo |
[   40.673489] cloud-init[1017]: +----[SHA256]-----+
[0;32m  OK  [0m] Started Daily apt activities.
[[   40.673723] cloud-init[1017]: Generating public/private ecdsa key pair.
[   40.876680] cloud-init[1017]: Your identification has been saved in /etc/ssh/ssh_host_ecdsa_key.
[0;32m  OK  [0m] Listening on D-Bus System Message Bus Socket.
[[   40.876750] cloud-init[1017]: Your public key has been saved in /etc/ssh/ssh_host_ecdsa_key.pub.
[   40.986036] cloud-init[1017]: The key fingerprint is:
[0;32m  OK  [0m] Started Daily Cleanup of Temporary Directories.
[[   40.986095] cloud-init[1017]: SHA256:KKew73U1h0d+7/LLtvHkDAD9WVZJfsOh1RIWywlDH6o root@ubuntu-xenial
[   41.080551] cloud-init[1017]: The key's randomart image is:
[0;32m  OK  [0m] Reached target Timers.
         Starting Socket activation for snappy daemon.
[   41.080605] cloud-init[1017]: +---[ECDSA 256]---+
[   41.248229] cloud-init[1017]: |           .+ **+|
[   41.248429] cloud-init[1017]: |           . B*=+|
[[0;32m  OK  [0m] Listening on LXD - unix socket.
[[   41.248528] cloud-init[1017]: |          . +.==+|
[   41.325951] cloud-init[1017]: |       .   * . +o|
[0;32m  OK  [0m] Listening on Socket activation for snappy daemon.
[[   41.326019] cloud-init[1017]: |  . . o S E = +  |
[   41.350269] cloud-init[1017]: |   o +   . + o . |
[   41.350351] cloud-init[1017]: |  . . . .     ..o|
[   41.350460] cloud-init[1017]: |   . . .      oBo|
[   41.350570] cloud-init[1017]: |   .o         .*O|
[   41.350681] cloud-init[1017]: +----[SHA256]-----+
[   41.350911] cloud-init[1017]: Generating public/private ed25519 key pair.
[   41.351018] cloud-init[1017]: Your identification has been saved in /etc/ssh/ssh_host_ed25519_key.
[   41.351135] cloud-init[1017]: Your public key has been saved in /etc/ssh/ssh_host_ed25519_key.pub.
[   41.351241] cloud-init[1017]: The key fingerprint is:
[   41.351351] cloud-init[1017]: SHA256:st8EAjNUbman4vWpTSrO2TPQPkBYdvmqwJ0R3uGfsHo root@ubuntu-xenial
[   41.351462] cloud-init[1017]: The key's randomart image is:
[   41.351575] cloud-init[1017]: +--[ED25519 256]--+
[   41.351685] cloud-init[1017]: |    ....         |
[   41.351797] cloud-init[1017]: |   .+.+          |
[   41.351908] cloud-init[1017]: |   =+==o.        |
[   41.352140] cloud-init[1017]: |  . +B+o.        |
[   41.352245] cloud-init[1017]: | . o.+==S.       |
[   41.352357] cloud-init[1017]: |  o.=o+=oo       |
[0;32m  OK  [0m] Started iSCSI initiator daemon (iscsid).
[   41.352381] cloud-init[1017]: |   ..*. + .      |
[   41.884331] cloud-init[1017]: |   .+oE* o       |
         Starting Login to default iSCSI targets...
[[   41.884752] cloud-init[1017]: |   .+o++o .      |
[   41.932571] cloud-init[1017]: +----[SHA256]-----+
[0;32m  OK  [0m] Reached target Sockets.
[[0;32m  OK  [0m] Reached target Basic System.
         Starting Pollinate to seed the pseudo random number generator...
         Starting /etc/rc.local Compatibility...
         Starting Login Service...
[[0;32m  OK  [0m] Started FUSE filesystem for LXC.
         Starting Apply the settings specified in cloud-config...
[[0;32m  OK  [0m] Started D-Bus System Message Bus.
         Starting System Logging Service...
         Starting LSB: MD monitoring daemon...
         Starting LSB: Record successful boot for GRUB...
[[0;32m  OK  [0m] Started ACPI event daemon.
[   42.484228] cloud-init[1158]: Generating locales (this might take a while)...
         Starting Accounts Service...
[[0;32m  OK  [0m] Started Snappy daemon.
         Starting Auto import assertions from block devices...
[[0;32m  OK  [0m] Started Regular background program processing daemon.
[[0;32m  OK  [0m] Started Deferred execution scheduler.
         Starting LXD - container startup/shutdown...
[[0;32m  OK  [0m] Started System Logging Service.
[[0;32m  OK  [0m] Started /etc/rc.local Compatibility.
[[0;32m  OK  [0m] Started Auto import assertions from block devices.
[[0;32m  OK  [0m] Started Login to default iSCSI targets.
[[0;32m  OK  [0m] Started LSB: Record successful boot for GRUB.
[[0;32m  OK  [0m] Started LSB: MD monitoring daemon.
[[0;32m  OK  [0m] Started Login Service.
         Starting Authenticate and Authorize Users to Run Privileged Tasks...
[[0;32m  OK  [0m] Reached target Remote File Systems (Pre).
[[0;32m  OK  [0m] Reached target Remote File Systems.
         Starting Permit User Sessions...
         Starting LSB: automatic crash report generation...
         Starting LSB: daemon to balance interrupts for SMP systems...
         Starting LSB: VirtualBox Linux Additions...
[   43.441486] cloud-init[1158]:   en_US.UTF-8... done
         Starting LSB: Set the CPU Frequency Scaling governor to "ondemand"...
[   43.484748] cloud-init[1158]: Generation complete.
[[0;32m  OK  [0m] Started LXD - container startup/shutdown.
[[0;32m  OK  [0m] Started Permit User Sessions.
[[0;32m  OK  [0m] Started Authenticate and Authorize Users to Run Privileged Tasks.
[[0;32m  OK  [0m] Started Accounts Service.
         Starting Hold until boot process finishes up...
         Starting Terminate Plymouth Boot Screen...
[[0;32m  OK  [0m] Started LSB: automatic crash report generation.
[[0;32m  OK  [0m] Started LSB: daemon to balance interrupts for SMP systems.
[[0;32m  OK  [0m] Started LSB: VirtualBox Linux Additions.
[[0;32m  OK  [0m] Started LSB: Set the CPU Frequency Scaling governor to "ondemand".
[[0;32m  OK  [0m] Started Hold until boot process finishes up.
[[0;32m  OK  [0m] Started Terminate Plymouth Boot Screen.
[[0;32m  OK  [0m] Stopped OpenBSD Secure Shell server.
         Starting OpenBSD Secure Shell server...
[[0;32m  OK  [0m] Started Serial Getty on ttyS0.
         Starting Set console scheme...
[[0;32m  OK  [0m] Started Getty on tty1.
[[0;32m  OK  [0m] Reached target Login Prompts.
[[0;32m  OK  [0m] Started OpenBSD Secure Shell server.
[[0;32m  OK  [0m] Started Set console scheme.
[[0;32m  OK  [0m] Created slice User Slice of ubuntu.
         Starting User Manager for UID 1000...
[[0;32m  OK  [0m] Started User Manager for UID 1000.
[[0;32m  OK  [0m] Started Session 1 of user ubuntu.
[   44.644203] cloud-init[1158]: Cloud-init v. 0.7.8 running 'modules:config' at Sun, 12 Feb 2017 19:22:36 +0000. Up 42.38 seconds.
[[0;32m  OK  [0m] Started Apply the settings specified in cloud-config.
[[0;32m  OK  [0m] Started Session 2 of user ubuntu.
         Starting Hostname Service...
[[0;32m  OK  [0m] Started Hostname Service.
[[0;32m  OK  [0m] Started Pollinate to seed the pseudo random number generator.
[[0;32m  OK  [0m] Reached target Multi-User System.
[[0;32m  OK  [0m] Reached target Graphical Interface.
         Starting Update UTMP about System Runlevel Changes...
         Starting Execute cloud user/final scripts...
[[0;32m  OK  [0m] Started Update UTMP about System Runlevel Changes.
ci-info: +++++Authorized keys from /home/ubuntu/.ssh/authorized_keys for user ubuntu++++++
ci-info: +---------+-------------------------------------------------+---------+---------+
ci-info: | Keytype |                Fingerprint (md5)                | Options | Comment |
ci-info: +---------+-------------------------------------------------+---------+---------+
ci-info: | ssh-rsa | 24:5d:22:d3:01:70:94:d0:62:ae:69:0b:47:16:7f:7a |    -    | vagrant |
ci-info: +---------+-------------------------------------------------+---------+---------+
<14>Feb 12 19:22:44 ec2: 
<14>Feb 12 19:22:44 ec2: #############################################################
<14>Feb 12 19:22:44 ec2: -----BEGIN SSH HOST KEY FINGERPRINTS-----
<14>Feb 12 19:22:44 ec2: 1024 SHA256:Q1r32MqbH7XLqLUxDL1Au5dLu52Os7YKs856Z9HWe8o root@ubuntu-xenial (DSA)
<14>Feb 12 19:22:44 ec2: 256 SHA256:KKew73U1h0d+7/LLtvHkDAD9WVZJfsOh1RIWywlDH6o root@ubuntu-xenial (ECDSA)
<14>Feb 12 19:22:44 ec2: 256 SHA256:st8EAjNUbman4vWpTSrO2TPQPkBYdvmqwJ0R3uGfsHo root@ubuntu-xenial (ED25519)
<14>Feb 12 19:22:44 ec2: 2048 SHA256:l+0wHSBvt5OvcaAxCOJyj2p8Ogazh1iqfN1i3MjU9n4 root@ubuntu-xenial (RSA)
<14>Feb 12 19:22:44 ec2: -----END SSH HOST KEY FINGERPRINTS-----
<14>Feb 12 19:22:44 ec2: #############################################################
-----BEGIN SSH HOST KEY KEYS-----
ecdsa-sha2-nistp256 AAAAE2VjZHNhLXNoYTItbmlzdHAyNTYAAAAIbmlzdHAyNTYAAABBBJj2rQJJzbgexNQgiGD2gWgAJdcqlfppFLL0dJF7engn8lGAEz//xDv7/OcsV6FdVhi+Fu5GDHvtRrhiyT/Hj94= root@ubuntu-xenial
ssh-ed25519 AAAAC3NzaC1lZDI1NTE5AAAAIE7ITb/zeIHy9NckDCChtRQ9HlQdz2iDyUbmAP3hy/IR root@ubuntu-xenial
ssh-rsa AAAAB3NzaC1yc2EAAAADAQABAAABAQCzExkfOOnv4Vg5/NmHN1/S8emHmFg4iihju/ce+GtO9gJyPBPRES4lKIhVn+PjII7Vi+/2lL0bCxddbLPODFX1nSPvZlHVZihpvlehrsNr0eJATcV9uIuMkkcvNuJnoiN/yJUiB+frRDP0RyyN4ijgJiJU70qJY3Ms9vfl+SrqS30BVYfU1W15JZa66nZDskgIp9gPp/hhxtjDvoPO8Azo6eqD4jB2H7MJl98IRJYS2ZaXmohMOV3XT+hU0THGAWcnaup2Jr1eBNtYKrubGV9SbkD9BWunRQLjWSjRg45/FTQmEWBtEQdbBfqXA3A+cm3two4c1mtI2sOVShpi1N/N root@ubuntu-xenial
-----END SSH HOST KEY KEYS-----
[   49.661281] cloud-init[1926]: Cloud-init v. 0.7.8 running 'modules:final' at Sun, 12 Feb 2017 19:22:43 +0000. Up 49.26 seconds.
[   49.661384] cloud-init[1926]: Cloud-init v. 0.7.8 finished at Sun, 12 Feb 2017 19:22:44 +0000. Datasource DataSourceNoCloud [seed=/dev/sdb][dsmode=net].  Up 49.65 seconds

Ubuntu 16.04.2 LTS ansible ttyS0

ansible login:             Stopping OpenBSD Secure Shell server...
         Stopping System Logging Service...
         Stopping D-Bus System Message Bus...
         Stopping LSB: daemon to balance interrupts for SMP syst         Stopping u         Stopping Serial Getty on ttyS0...
         Stopping LSB: MD monitoring daemon...
         Stopping OpenBSD Secure Shell server...
         Stopping Snappy daemon...
         Stopping Regular background program processing daemon...
         Stopping FUSE filesystem for LXC...
         Stopping System Logging Service...
         Stopping LSB: automatic crash report generation...
         Stopping LSB: VirtualBox Linux Additions...
         Stopping LSB: daemon to balance interrupts for SMP systems...
         Stopping LSB: Set the CPU Frequency Scaling governor to "ondemand"...
         Stopping LXD - container startup/shutdown...
         Stopping A high performance web server and a reverse proxy server...
[[0;32m  OK  [0m] Stopped Apply the settings specified in cloud-config.
         Stopping Authenticate and Authorize Users to Run Privileged Tasks...
         Stopping LSB: Record successful boot for GRUB...
[[0;32m  OK  [0m] Stopped Daily apt activities.
[[0;32m  OK  [0m] Stopped target System Time Synchronized.
         Stopping Accounts Service...
         Stopping Getty on tty1...
         Stopping Deferred execution scheduler...
[[0;32m  OK  [0m] Stopped target Cloud-config availability.
         Stopping ACPI event daemon...
[[0;32m  OK  [0m] Unmounted /var/lib/lxcfs.
[[0;32m  OK  [0m] Stopped Deferred execution scheduler.
[[0;32m  OK  [0m] Stopped Regular background program processing daemon.
[[0;32m  OK  [0m] Stopped Accounts Service.
[[0;32m  OK  [0m] Stopped ACPI event daemon.
[[0;32m  OK  [0m] Stopped System Logging Service.
[[0;32m  OK  [0m] Stopped Snappy daemon.
[[0;32m  OK  [0m] Stopped Authenticate and Authorize Users to Run Privileged Tasks.
[[0;32m  OK  [0m] Stopped Getty on tty1.
[[0;32m  OK  [0m] Stopped Serial Getty on ttyS0.
[[0;32m  OK  [0m] Stopped OpenBSD Secure Shell server.
[[0;32m  OK  [0m] Stopped User Manager for UID 1000.
[[0;32m  OK  [0m] Stopped Session 8 of user ubuntu.
[[0;32m  OK  [0m] Stopped D-Bus System Message Bus.
[[0;32m  OK  [0m] Stopped A high performance web server and a reverse proxy server.
[[0;32m  OK  [0m] Stopped FUSE filesystem for LXC.
[[0;32m  OK  [0m] Stopped LSB: MD monitoring daemon.
[[0;32m  OK  [0m] Stopped LSB: automatic crash report generation.
[[0;32m  OK  [0m] Stopped LSB: VirtualBox Linux Additions.
[[0;32m  OK  [0m] Stopped LSB: Set the CPU Frequency Scaling governor to "ondemand".
[[0;32m  OK  [0m] Stopped LSB: daemon to balance interrupts for SMP systems.
[[0;32m  OK  [0m] Stopped LXD - container startup/shutdown.
[[0;32m  OK  [0m] Stopped LSB: Record successful boot for GRUB.
[[0;32m  OK  [0m] Removed slice User Slice of ubuntu.
         Stopping Login Service...
[[0;32m  OK  [0m] Removed slice system-serial\x2dgetty.slice.
[[0;32m  OK  [0m] Removed slice system-getty.slice.
         Stopping Permit User Sessions...
[[0;32m  OK  [0m] Stopped /etc/rc.local Compatibility.
[[0;32m  OK  [0m] Stopped Login Service.
[[0;32m  OK  [0m] Stopped Permit User Sessions.
[[0;32m  OK  [0m] Stopped target Remote File Systems.
[[0;32m  OK  [0m] Stopped target Remote File Systems (Pre).
         Stopping Login to default iSCSI targets...
[[0;32m  OK  [0m] Stopped target Basic System.
[[0;32m  OK  [0m] Stopped target Slices.
[[0;32m  OK  [0m] Stopped target Paths.
[[0;32m  OK  [0m] Stopped Dispatch Password Requests to Console Directory Watch.
[[0;32m  OK  [0m] Stopped Trigger resolvconf update for networkd DNS.
[[0;32m  OK  [0m] Stopped Forward Password Requests to Wall Directory Watch.
[[0;32m  OK  [0m] Stopped ACPI Events Check.
[[0;32m  OK  [0m] Stopped target Sockets.
[[0;32m  OK  [0m] Closed Socket activation for snappy daemon.
[[0;32m  OK  [0m] Closed Syslog Socket.
[[0;32m  OK  [0m] Closed LXD - unix socket.
[[0;32m  OK  [0m] Closed UUID daemon activation socket.
[[0;32m  OK  [0m] Closed ACPID Listen Socket.
[[0;32m  OK  [0m] Stopped target User and Group Name Lookups.
[[0;32m  OK  [0m] Removed slice User and Session Slice.
[[0;32m  OK  [0m] Closed D-Bus System Message Bus Socket.
[[0;32m  OK  [0m] Stopped target System Initialization.
         Stopping Load/Save Random Seed...
[[0;32m  OK  [0m] Stopped target Encrypted Volumes.
[[0;32m  OK  [0m] Stopped Commit a transient machine-id on disk.
         Stopping Update UTMP about System Boot/Shutdown...
[[0;32m  OK  [0m] Stopped target Swap.
[[0;32m  OK  [0m] Stopped Load/Save Random Seed.
[[0;32m  OK  [0m] Stopped Update UTMP about System Boot/Shutdown.
[[0;32m  OK  [0m] Stopped Login to default iSCSI targets.
         Stopping iSCSI initiator daemon (iscsid)...
[[0;32m  OK  [0m] Stopped Create Volatile Files and Directories.
[[0;32m  OK  [0m] Stopped iSCSI initiator daemon (iscsid).
[[0;32m  OK  [0m] Stopped target Network is Online.
[[0;32m  OK  [0m] Stopped Initial cloud-init job (metadata service crawler).
[[0;32m  OK  [0m] Stopped target Network.
         Stopping Raise network interfaces...
[[0;32m  OK  [0m] Stopped Raise network interfaces.
[[0;32m  OK  [0m] Stopped target Network (Pre).
[[0;32m  OK  [0m] Stopped Initial cloud-init job (pre-networking).
[[0;32m  OK  [0m] Stopped target Local File Systems.
         Unmounting /run/user/1000...
         Unmounting /vagrant...
         Starting Unattended Upgrades Shutdown...
[[0;32m  OK  [0m] Stopped Apply Kernel Variables.
[[0;32m  OK  [0m] Stopped Load Kernel Modules.
[[0;32m  OK  [0m] Unmounted /run/user/1000.
[[0;32m  OK  [0m] Unmounted /vagrant.
[[0;32m  OK  [0m] Started Unattended Upgrades Shutdown.
[[0;32m  OK  [0m] Reached target Unmount All Filesystems.
[[0;32m  OK  [0m] Stopped target Local File Systems (Pre).
[[0;32m  OK  [0m] Stopped Create Static Device Nodes in /dev.
[[0;32m  OK  [0m] Stopped Remount Root and Kernel File Systems.
[[0;32m  OK  [0m] Reached target Shutdown.
[ 2662.990902] reboot: Power down
